{
  "output": "/kaggle/working/pilot/amazon_games_random_shuffled_strategy_chunk0_pilot_trials.jsonl",
  "trials": 25,
  "completed_this_run": 25,
  "remaining": 0,
  "stopped_early": false,
  "repaired_tail_bytes": 0,
  "elapsed_minutes": 13.03,
  "skipped_existing": 0,
  "ensembles_combined": 25,
  "ensembles_failed": 0,
  "member_parse_failures": 0,
  "member_request_failures": 0,
  "provider": "chat-completions",
  "domain": "amazon_games",
  "members": [
    [
      "baseline_scores_v1",
      "context_title_v1"
    ],
    [
      "next_step_v2",
      "context_title_v1"
    ],
    [
      "long_term_taste_v2",
      "context_title_v1"
    ],
    [
      "closest_match_v2",
      "context_title_v1"
    ],
    [
      "rule_out_rank_v2",
      "context_title_v1"
    ],
    [
      "preference_enjoy_v2",
      "context_title_v1"
    ],
    [
      "preference_pick_now_v2",
      "context_title_v1"
    ],
    [
      "skip_risk_v2",
      "context_title_v1"
    ]
  ],
  "shuffle_candidates": true
}
{
  "output": "/kaggle/working/pilot/amazon_games_random_shuffled_strategy_chunk1_pilot_trials.jsonl",
  "trials": 25,
  "completed_this_run": 25,
  "remaining": 0,
  "stopped_early": false,
  "repaired_tail_bytes": 0,
  "elapsed_minutes": 13.87,
  "skipped_existing": 0,
  "ensembles_combined": 25,
  "ensembles_failed": 0,
  "member_parse_failures": 0,
  "member_request_failures": 0,
  "provider": "chat-completions",
  "domain": "amazon_games",
  "members": [
    [
      "baseline_scores_v1",
      "context_title_v1"
    ],
    [
      "next_step_v2",
      "context_title_v1"
    ],
    [
      "long_term_taste_v2",
      "context_title_v1"
    ],
    [
      "closest_match_v2",
      "context_title_v1"
    ],
    [
      "rule_out_rank_v2",
      "context_title_v1"
    ],
    [
      "preference_enjoy_v2",
      "context_title_v1"
    ],
    [
      "preference_pick_now_v2",
      "context_title_v1"
    ],
    [
      "skip_risk_v2",
      "context_title_v1"
    ]
  ],
  "shuffle_candidates": true
}
{
  "output": "/kaggle/working/pilot/amazon_games_random_shuffled_strategy_chunk2_pilot_trials.jsonl",
  "trials": 25,
  "completed_this_run": 25,
  "remaining": 0,
  "stopped_early": false,
  "repaired_tail_bytes": 0,
  "elapsed_minutes": 13.0,
  "skipped_existing": 0,
  "ensembles_combined": 25,
  "ensembles_failed": 0,
  "member_parse_failures": 0,
  "member_request_failures": 0,
  "provider": "chat-completions",
  "domain": "amazon_games",
  "members": [
    [
      "baseline_scores_v1",
      "context_title_v1"
    ],
    [
      "next_step_v2",
      "context_title_v1"
    ],
    [
      "long_term_taste_v2",
      "context_title_v1"
    ],
    [
      "closest_match_v2",
      "context_title_v1"
    ],
    [
      "rule_out_rank_v2",
      "context_title_v1"
    ],
    [
      "preference_enjoy_v2",
      "context_title_v1"
    ],
    [
      "preference_pick_now_v2",
      "context_title_v1"
    ],
    [
      "skip_risk_v2",
      "context_title_v1"
    ]
  ],
  "shuffle_candidates": true
}
{
  "output": "/kaggle/working/pilot/amazon_games_random_shuffled_strategy_chunk3_pilot_trials.jsonl",
  "trials": 25,
  "completed_this_run": 25,
  "remaining": 0,
  "stopped_early": false,
  "repaired_tail_bytes": 0,
  "elapsed_minutes": 13.75,
  "skipped_existing": 0,
  "ensembles_combined": 25,
  "ensembles_failed": 0,
  "member_parse_failures": 0,
  "member_request_failures": 0,
  "provider": "chat-completions",
  "domain": "amazon_games",
  "members": [
    [
      "baseline_scores_v1",
      "context_title_v1"
    ],
    [
      "next_step_v2",
      "context_title_v1"
    ],
    [
      "long_term_taste_v2",
      "context_title_v1"
    ],
    [
      "closest_match_v2",
      "context_title_v1"
    ],
    [
      "rule_out_rank_v2",
      "context_title_v1"
    ],
    [
      "preference_enjoy_v2",
      "context_title_v1"
    ],
    [
      "preference_pick_now_v2",
      "context_title_v1"
    ],
    [
      "skip_risk_v2",
      "context_title_v1"
    ]
  ],
  "shuffle_candidates": true
}
{
  "output": "/kaggle/working/pilot/amazon_games_random_shuffled_strategy_chunk4_pilot_trials.jsonl",
  "trials": 25,
  "completed_this_run": 25,
  "remaining": 0,
  "stopped_early": false,
  "repaired_tail_bytes": 0,
  "elapsed_minutes": 12.98,
  "skipped_existing": 0,
  "ensembles_combined": 25,
  "ensembles_failed": 0,
  "member_parse_failures": 0,
  "member_request_failures": 0,
  "provider": "chat-completions",
  "domain": "amazon_games",
  "members": [
    [
      "baseline_scores_v1",
      "context_title_v1"
    ],
    [
      "next_step_v2",
      "context_title_v1"
    ],
    [
      "long_term_taste_v2",
      "context_title_v1"
    ],
    [
      "closest_match_v2",
      "context_title_v1"
    ],
    [
      "rule_out_rank_v2",
      "context_title_v1"
    ],
    [
      "preference_enjoy_v2",
      "context_title_v1"
    ],
    [
      "preference_pick_now_v2",
      "context_title_v1"
    ],
    [
      "skip_risk_v2",
      "context_title_v1"
    ]
  ],
  "shuffle_candidates": true
}
{
  "output": "/kaggle/working/pilot/amazon_games_random_shuffled_strategy_chunk5_pilot_trials.jsonl",
  "trials": 25,
  "completed_this_run": 25,
  "remaining": 0,
  "stopped_early": false,
  "repaired_tail_bytes": 0,
  "elapsed_minutes": 13.82,
  "skipped_existing": 0,
  "ensembles_combined": 25,
  "ensembles_failed": 0,
  "member_parse_failures": 0,
  "member_request_failures": 0,
  "provider": "chat-completions",
  "domain": "amazon_games",
  "members": [
    [
      "baseline_scores_v1",
      "context_title_v1"
    ],
    [
      "next_step_v2",
      "context_title_v1"
    ],
    [
      "long_term_taste_v2",
      "context_title_v1"
    ],
    [
      "closest_match_v2",
      "context_title_v1"
    ],
    [
      "rule_out_rank_v2",
      "context_title_v1"
    ],
    [
      "preference_enjoy_v2",
      "context_title_v1"
    ],
    [
      "preference_pick_now_v2",
      "context_title_v1"
    ],
    [
      "skip_risk_v2",
      "context_title_v1"
    ]
  ],
  "shuffle_candidates": true
}
{
  "output": "/kaggle/working/pilot/amazon_games_random_shuffled_strategy_chunk6_pilot_trials.jsonl",
  "trials": 25,
  "completed_this_run": 25,
  "remaining": 0,
  "stopped_early": false,
  "repaired_tail_bytes": 0,
  "elapsed_minutes": 12.93,
  "skipped_existing": 0,
  "ensembles_combined": 25,
  "ensembles_failed": 0,
  "member_parse_failures": 0,
  "member_request_failures": 0,
  "provider": "chat-completions",
  "domain": "amazon_games",
  "members": [
    [
      "baseline_scores_v1",
      "context_title_v1"
    ],
    [
      "next_step_v2",
      "context_title_v1"
    ],
    [
      "long_term_taste_v2",
      "context_title_v1"
    ],
    [
      "closest_match_v2",
      "context_title_v1"
    ],
    [
      "rule_out_rank_v2",
      "context_title_v1"
    ],
    [
      "preference_enjoy_v2",
      "context_title_v1"
    ],
    [
      "preference_pick_now_v2",
      "context_title_v1"
    ],
    [
      "skip_risk_v2",
      "context_title_v1"
    ]
  ],
  "shuffle_candidates": true
}
{
  "output": "/kaggle/working/pilot/amazon_games_random_shuffled_strategy_chunk7_pilot_trials.jsonl",
  "trials": 25,
  "completed_this_run": 25,
  "remaining": 0,
  "stopped_early": false,
  "repaired_tail_bytes": 0,
  "elapsed_minutes": 13.72,
  "skipped_existing": 0,
  "ensembles_combined": 25,
  "ensembles_failed": 0,
  "member_parse_failures": 0,
  "member_request_failures": 0,
  "provider": "chat-completions",
  "domain": "amazon_games",
  "members": [
    [
      "baseline_scores_v1",
      "context_title_v1"
    ],
    [
      "next_step_v2",
      "context_title_v1"
    ],
    [
      "long_term_taste_v2",
      "context_title_v1"
    ],
    [
      "closest_match_v2",
      "context_title_v1"
    ],
    [
      "rule_out_rank_v2",
      "context_title_v1"
    ],
    [
      "preference_enjoy_v2",
      "context_title_v1"
    ],
    [
      "preference_pick_now_v2",
      "context_title_v1"
    ],
    [
      "skip_risk_v2",
      "context_title_v1"
    ]
  ],
  "shuffle_candidates": true
}
{
  "output": "/kaggle/working/pilot/amazon_games_random_shuffled_strategy_chunk8_pilot_trials.jsonl",
  "trials": 25,
  "completed_this_run": 25,
  "remaining": 0,
  "stopped_early": false,
  "repaired_tail_bytes": 0,
  "elapsed_minutes": 12.98,
  "skipped_existing": 0,
  "ensembles_combined": 25,
  "ensembles_failed": 0,
  "member_parse_failures": 0,
  "member_request_failures": 0,
  "provider": "chat-completions",
  "domain": "amazon_games",
  "members": [
    [
      "baseline_scores_v1",
      "context_title_v1"
    ],
    [
      "next_step_v2",
      "context_title_v1"
    ],
    [
      "long_term_taste_v2",
      "context_title_v1"
    ],
    [
      "closest_match_v2",
      "context_title_v1"
    ],
    [
      "rule_out_rank_v2",
      "context_title_v1"
    ],
    [
      "preference_enjoy_v2",
      "context_title_v1"
    ],
    [
      "preference_pick_now_v2",
      "context_title_v1"
    ],
    [
      "skip_risk_v2",
      "context_title_v1"
    ]
  ],
  "shuffle_candidates": true
}
{
  "output": "/kaggle/working/pilot/amazon_games_random_shuffled_strategy_chunk9_pilot_trials.jsonl",
  "trials": 25,
  "completed_this_run": 25,
  "remaining": 0,
  "stopped_early": false,
  "repaired_tail_bytes": 0,
  "elapsed_minutes": 13.73,
  "skipped_existing": 0,
  "ensembles_combined": 25,
  "ensembles_failed": 0,
  "member_parse_failures": 0,
  "member_request_failures": 0,
  "provider": "chat-completions",
  "domain": "amazon_games",
  "members": [
    [
      "baseline_scores_v1",
      "context_title_v1"
    ],
    [
      "next_step_v2",
      "context_title_v1"
    ],
    [
      "long_term_taste_v2",
      "context_title_v1"
    ],
    [
      "closest_match_v2",
      "context_title_v1"
    ],
    [
      "rule_out_rank_v2",
      "context_title_v1"
    ],
    [
      "preference_enjoy_v2",
      "context_title_v1"
    ],
    [
      "preference_pick_now_v2",
      "context_title_v1"
    ],
    [
      "skip_risk_v2",
      "context_title_v1"
    ]
  ],
  "shuffle_candidates": true
}
{
  "output": "/kaggle/working/pilot/amazon_games_random_shuffled_strategy_chunk10_pilot_trials.jsonl",
  "trials": 25,
  "completed_this_run": 25,
  "remaining": 0,
  "stopped_early": false,
  "repaired_tail_bytes": 0,
  "elapsed_minutes": 12.9,
  "skipped_existing": 0,
  "ensembles_combined": 25,
  "ensembles_failed": 0,
  "member_parse_failures": 0,
  "member_request_failures": 0,
  "provider": "chat-completions",
  "domain": "amazon_games",
  "members": [
    [
      "baseline_scores_v1",
      "context_title_v1"
    ],
    [
      "next_step_v2",
      "context_title_v1"
    ],
    [
      "long_term_taste_v2",
      "context_title_v1"
    ],
    [
      "closest_match_v2",
      "context_title_v1"
    ],
    [
      "rule_out_rank_v2",
      "context_title_v1"
    ],
    [
      "preference_enjoy_v2",
      "context_title_v1"
    ],
    [
      "preference_pick_now_v2",
      "context_title_v1"
    ],
    [
      "skip_risk_v2",
      "context_title_v1"
    ]
  ],
  "shuffle_candidates": true
}
{
  "output": "/kaggle/working/pilot/amazon_games_random_shuffled_strategy_chunk11_pilot_trials.jsonl",
  "trials": 25,
  "completed_this_run": 25,
  "remaining": 0,
  "stopped_early": false,
  "repaired_tail_bytes": 0,
  "elapsed_minutes": 13.68,
  "skipped_existing": 0,
  "ensembles_combined": 25,
  "ensembles_failed": 0,
  "member_parse_failures": 0,
  "member_request_failures": 0,
  "provider": "chat-completions",
  "domain": "amazon_games",
  "members": [
    [
      "baseline_scores_v1",
      "context_title_v1"
    ],
    [
      "next_step_v2",
      "context_title_v1"
    ],
    [
      "long_term_taste_v2",
      "context_title_v1"
    ],
    [
      "closest_match_v2",
      "context_title_v1"
    ],
    [
      "rule_out_rank_v2",
      "context_title_v1"
    ],
    [
      "preference_enjoy_v2",
      "context_title_v1"
    ],
    [
      "preference_pick_now_v2",
      "context_title_v1"
    ],
    [
      "skip_risk_v2",
      "context_title_v1"
    ]
  ],
  "shuffle_candidates": true
}
