{
  "output": "/kaggle/working/pilot/amazon_games_random_shuffled_grounded_chunk0_pilot_trials.jsonl",
  "trials": 25,
  "completed_this_run": 25,
  "remaining": 0,
  "stopped_early": false,
  "repaired_tail_bytes": 0,
  "elapsed_minutes": 5.59,
  "skipped_existing": 0,
  "ensembles_combined": 25,
  "ensembles_failed": 0,
  "member_parse_failures": 0,
  "member_request_failures": 0,
  "provider": "chat-completions",
  "domain": "amazon_games",
  "members": [
    [
      "baseline_scores_v1",
      "context_collab_v2"
    ],
    [
      "next_step_v2",
      "context_collab_v2"
    ],
    [
      "long_term_taste_v2",
      "context_collab_v2"
    ],
    [
      "closest_match_v2",
      "context_collab_v2"
    ],
    [
      "rule_out_rank_v2",
      "context_collab_v2"
    ],
    [
      "preference_enjoy_v2",
      "context_collab_v2"
    ],
    [
      "preference_pick_now_v2",
      "context_collab_v2"
    ],
    [
      "skip_risk_v2",
      "context_collab_v2"
    ]
  ],
  "shuffle_candidates": true
}
{
  "output": "/kaggle/working/pilot/amazon_games_random_shuffled_grounded_chunk1_pilot_trials.jsonl",
  "trials": 25,
  "completed_this_run": 25,
  "remaining": 0,
  "stopped_early": false,
  "repaired_tail_bytes": 0,
  "elapsed_minutes": 5.3,
  "skipped_existing": 0,
  "ensembles_combined": 25,
  "ensembles_failed": 0,
  "member_parse_failures": 0,
  "member_request_failures": 0,
  "provider": "chat-completions",
  "domain": "amazon_games",
  "members": [
    [
      "baseline_scores_v1",
      "context_collab_v2"
    ],
    [
      "next_step_v2",
      "context_collab_v2"
    ],
    [
      "long_term_taste_v2",
      "context_collab_v2"
    ],
    [
      "closest_match_v2",
      "context_collab_v2"
    ],
    [
      "rule_out_rank_v2",
      "context_collab_v2"
    ],
    [
      "preference_enjoy_v2",
      "context_collab_v2"
    ],
    [
      "preference_pick_now_v2",
      "context_collab_v2"
    ],
    [
      "skip_risk_v2",
      "context_collab_v2"
    ]
  ],
  "shuffle_candidates": true
}
{
  "output": "/kaggle/working/pilot/amazon_games_random_shuffled_grounded_chunk2_pilot_trials.jsonl",
  "trials": 25,
  "completed_this_run": 25,
  "remaining": 0,
  "stopped_early": false,
  "repaired_tail_bytes": 0,
  "elapsed_minutes": 5.23,
  "skipped_existing": 0,
  "ensembles_combined": 25,
  "ensembles_failed": 0,
  "member_parse_failures": 0,
  "member_request_failures": 0,
  "provider": "chat-completions",
  "domain": "amazon_games",
  "members": [
    [
      "baseline_scores_v1",
      "context_collab_v2"
    ],
    [
      "next_step_v2",
      "context_collab_v2"
    ],
    [
      "long_term_taste_v2",
      "context_collab_v2"
    ],
    [
      "closest_match_v2",
      "context_collab_v2"
    ],
    [
      "rule_out_rank_v2",
      "context_collab_v2"
    ],
    [
      "preference_enjoy_v2",
      "context_collab_v2"
    ],
    [
      "preference_pick_now_v2",
      "context_collab_v2"
    ],
    [
      "skip_risk_v2",
      "context_collab_v2"
    ]
  ],
  "shuffle_candidates": true
}
{
  "output": "/kaggle/working/pilot/amazon_games_random_shuffled_grounded_chunk3_pilot_trials.jsonl",
  "trials": 25,
  "completed_this_run": 25,
  "remaining": 0,
  "stopped_early": false,
  "repaired_tail_bytes": 0,
  "elapsed_minutes": 5.47,
  "skipped_existing": 0,
  "ensembles_combined": 25,
  "ensembles_failed": 0,
  "member_parse_failures": 0,
  "member_request_failures": 0,
  "provider": "chat-completions",
  "domain": "amazon_games",
  "members": [
    [
      "baseline_scores_v1",
      "context_collab_v2"
    ],
    [
      "next_step_v2",
      "context_collab_v2"
    ],
    [
      "long_term_taste_v2",
      "context_collab_v2"
    ],
    [
      "closest_match_v2",
      "context_collab_v2"
    ],
    [
      "rule_out_rank_v2",
      "context_collab_v2"
    ],
    [
      "preference_enjoy_v2",
      "context_collab_v2"
    ],
    [
      "preference_pick_now_v2",
      "context_collab_v2"
    ],
    [
      "skip_risk_v2",
      "context_collab_v2"
    ]
  ],
  "shuffle_candidates": true
}
{
  "output": "/kaggle/working/pilot/amazon_games_random_shuffled_grounded_chunk4_pilot_trials.jsonl",
  "trials": 25,
  "completed_this_run": 25,
  "remaining": 0,
  "stopped_early": false,
  "repaired_tail_bytes": 0,
  "elapsed_minutes": 5.22,
  "skipped_existing": 0,
  "ensembles_combined": 25,
  "ensembles_failed": 0,
  "member_parse_failures": 0,
  "member_request_failures": 0,
  "provider": "chat-completions",
  "domain": "amazon_games",
  "members": [
    [
      "baseline_scores_v1",
      "context_collab_v2"
    ],
    [
      "next_step_v2",
      "context_collab_v2"
    ],
    [
      "long_term_taste_v2",
      "context_collab_v2"
    ],
    [
      "closest_match_v2",
      "context_collab_v2"
    ],
    [
      "rule_out_rank_v2",
      "context_collab_v2"
    ],
    [
      "preference_enjoy_v2",
      "context_collab_v2"
    ],
    [
      "preference_pick_now_v2",
      "context_collab_v2"
    ],
    [
      "skip_risk_v2",
      "context_collab_v2"
    ]
  ],
  "shuffle_candidates": true
}
{
  "output": "/kaggle/working/pilot/amazon_games_random_shuffled_grounded_chunk5_pilot_trials.jsonl",
  "trials": 25,
  "completed_this_run": 25,
  "remaining": 0,
  "stopped_early": false,
  "repaired_tail_bytes": 0,
  "elapsed_minutes": 5.43,
  "skipped_existing": 0,
  "ensembles_combined": 25,
  "ensembles_failed": 0,
  "member_parse_failures": 0,
  "member_request_failures": 0,
  "provider": "chat-completions",
  "domain": "amazon_games",
  "members": [
    [
      "baseline_scores_v1",
      "context_collab_v2"
    ],
    [
      "next_step_v2",
      "context_collab_v2"
    ],
    [
      "long_term_taste_v2",
      "context_collab_v2"
    ],
    [
      "closest_match_v2",
      "context_collab_v2"
    ],
    [
      "rule_out_rank_v2",
      "context_collab_v2"
    ],
    [
      "preference_enjoy_v2",
      "context_collab_v2"
    ],
    [
      "preference_pick_now_v2",
      "context_collab_v2"
    ],
    [
      "skip_risk_v2",
      "context_collab_v2"
    ]
  ],
  "shuffle_candidates": true
}
{
  "output": "/kaggle/working/pilot/amazon_games_random_shuffled_grounded_chunk6_pilot_trials.jsonl",
  "trials": 25,
  "completed_this_run": 25,
  "remaining": 0,
  "stopped_early": false,
  "repaired_tail_bytes": 0,
  "elapsed_minutes": 5.19,
  "skipped_existing": 0,
  "ensembles_combined": 25,
  "ensembles_failed": 0,
  "member_parse_failures": 0,
  "member_request_failures": 0,
  "provider": "chat-completions",
  "domain": "amazon_games",
  "members": [
    [
      "baseline_scores_v1",
      "context_collab_v2"
    ],
    [
      "next_step_v2",
      "context_collab_v2"
    ],
    [
      "long_term_taste_v2",
      "context_collab_v2"
    ],
    [
      "closest_match_v2",
      "context_collab_v2"
    ],
    [
      "rule_out_rank_v2",
      "context_collab_v2"
    ],
    [
      "preference_enjoy_v2",
      "context_collab_v2"
    ],
    [
      "preference_pick_now_v2",
      "context_collab_v2"
    ],
    [
      "skip_risk_v2",
      "context_collab_v2"
    ]
  ],
  "shuffle_candidates": true
}
{
  "output": "/kaggle/working/pilot/amazon_games_random_shuffled_grounded_chunk7_pilot_trials.jsonl",
  "trials": 25,
  "completed_this_run": 25,
  "remaining": 0,
  "stopped_early": false,
  "repaired_tail_bytes": 0,
  "elapsed_minutes": 5.43,
  "skipped_existing": 0,
  "ensembles_combined": 25,
  "ensembles_failed": 0,
  "member_parse_failures": 0,
  "member_request_failures": 0,
  "provider": "chat-completions",
  "domain": "amazon_games",
  "members": [
    [
      "baseline_scores_v1",
      "context_collab_v2"
    ],
    [
      "next_step_v2",
      "context_collab_v2"
    ],
    [
      "long_term_taste_v2",
      "context_collab_v2"
    ],
    [
      "closest_match_v2",
      "context_collab_v2"
    ],
    [
      "rule_out_rank_v2",
      "context_collab_v2"
    ],
    [
      "preference_enjoy_v2",
      "context_collab_v2"
    ],
    [
      "preference_pick_now_v2",
      "context_collab_v2"
    ],
    [
      "skip_risk_v2",
      "context_collab_v2"
    ]
  ],
  "shuffle_candidates": true
}
{
  "output": "/kaggle/working/pilot/amazon_games_random_shuffled_grounded_chunk8_pilot_trials.jsonl",
  "trials": 25,
  "completed_this_run": 25,
  "remaining": 0,
  "stopped_early": false,
  "repaired_tail_bytes": 0,
  "elapsed_minutes": 5.29,
  "skipped_existing": 0,
  "ensembles_combined": 25,
  "ensembles_failed": 0,
  "member_parse_failures": 0,
  "member_request_failures": 0,
  "provider": "chat-completions",
  "domain": "amazon_games",
  "members": [
    [
      "baseline_scores_v1",
      "context_collab_v2"
    ],
    [
      "next_step_v2",
      "context_collab_v2"
    ],
    [
      "long_term_taste_v2",
      "context_collab_v2"
    ],
    [
      "closest_match_v2",
      "context_collab_v2"
    ],
    [
      "rule_out_rank_v2",
      "context_collab_v2"
    ],
    [
      "preference_enjoy_v2",
      "context_collab_v2"
    ],
    [
      "preference_pick_now_v2",
      "context_collab_v2"
    ],
    [
      "skip_risk_v2",
      "context_collab_v2"
    ]
  ],
  "shuffle_candidates": true
}
{
  "output": "/kaggle/working/pilot/amazon_games_random_shuffled_grounded_chunk9_pilot_trials.jsonl",
  "trials": 25,
  "completed_this_run": 25,
  "remaining": 0,
  "stopped_early": false,
  "repaired_tail_bytes": 0,
  "elapsed_minutes": 5.45,
  "skipped_existing": 0,
  "ensembles_combined": 25,
  "ensembles_failed": 0,
  "member_parse_failures": 0,
  "member_request_failures": 0,
  "provider": "chat-completions",
  "domain": "amazon_games",
  "members": [
    [
      "baseline_scores_v1",
      "context_collab_v2"
    ],
    [
      "next_step_v2",
      "context_collab_v2"
    ],
    [
      "long_term_taste_v2",
      "context_collab_v2"
    ],
    [
      "closest_match_v2",
      "context_collab_v2"
    ],
    [
      "rule_out_rank_v2",
      "context_collab_v2"
    ],
    [
      "preference_enjoy_v2",
      "context_collab_v2"
    ],
    [
      "preference_pick_now_v2",
      "context_collab_v2"
    ],
    [
      "skip_risk_v2",
      "context_collab_v2"
    ]
  ],
  "shuffle_candidates": true
}
{
  "output": "/kaggle/working/pilot/amazon_games_random_shuffled_grounded_chunk10_pilot_trials.jsonl",
  "trials": 25,
  "completed_this_run": 25,
  "remaining": 0,
  "stopped_early": false,
  "repaired_tail_bytes": 0,
  "elapsed_minutes": 5.29,
  "skipped_existing": 0,
  "ensembles_combined": 25,
  "ensembles_failed": 0,
  "member_parse_failures": 0,
  "member_request_failures": 0,
  "provider": "chat-completions",
  "domain": "amazon_games",
  "members": [
    [
      "baseline_scores_v1",
      "context_collab_v2"
    ],
    [
      "next_step_v2",
      "context_collab_v2"
    ],
    [
      "long_term_taste_v2",
      "context_collab_v2"
    ],
    [
      "closest_match_v2",
      "context_collab_v2"
    ],
    [
      "rule_out_rank_v2",
      "context_collab_v2"
    ],
    [
      "preference_enjoy_v2",
      "context_collab_v2"
    ],
    [
      "preference_pick_now_v2",
      "context_collab_v2"
    ],
    [
      "skip_risk_v2",
      "context_collab_v2"
    ]
  ],
  "shuffle_candidates": true
}
{
  "output": "/kaggle/working/pilot/amazon_games_random_shuffled_grounded_chunk11_pilot_trials.jsonl",
  "trials": 25,
  "completed_this_run": 25,
  "remaining": 0,
  "stopped_early": false,
  "repaired_tail_bytes": 0,
  "elapsed_minutes": 5.46,
  "skipped_existing": 0,
  "ensembles_combined": 25,
  "ensembles_failed": 0,
  "member_parse_failures": 0,
  "member_request_failures": 0,
  "provider": "chat-completions",
  "domain": "amazon_games",
  "members": [
    [
      "baseline_scores_v1",
      "context_collab_v2"
    ],
    [
      "next_step_v2",
      "context_collab_v2"
    ],
    [
      "long_term_taste_v2",
      "context_collab_v2"
    ],
    [
      "closest_match_v2",
      "context_collab_v2"
    ],
    [
      "rule_out_rank_v2",
      "context_collab_v2"
    ],
    [
      "preference_enjoy_v2",
      "context_collab_v2"
    ],
    [
      "preference_pick_now_v2",
      "context_collab_v2"
    ],
    [
      "skip_risk_v2",
      "context_collab_v2"
    ]
  ],
  "shuffle_candidates": true
}
