{
  "output": "/kaggle/working/pilot/amazon_film_attribute_matched_shuffled_grounded_chunk0_pilot_trials.jsonl",
  "trials": 25,
  "completed_this_run": 25,
  "remaining": 0,
  "stopped_early": false,
  "repaired_tail_bytes": 0,
  "elapsed_minutes": 5.07,
  "skipped_existing": 0,
  "ensembles_combined": 25,
  "ensembles_failed": 0,
  "member_parse_failures": 0,
  "member_request_failures": 0,
  "provider": "chat-completions",
  "domain": "amazon_film",
  "members": [
    [
      "baseline_scores_v1",
      "context_collab_v2"
    ],
    [
      "next_step_v2",
      "context_collab_v2"
    ],
    [
      "long_term_taste_v2",
      "context_collab_v2"
    ],
    [
      "closest_match_v2",
      "context_collab_v2"
    ],
    [
      "rule_out_rank_v2",
      "context_collab_v2"
    ],
    [
      "preference_enjoy_v2",
      "context_collab_v2"
    ],
    [
      "preference_pick_now_v2",
      "context_collab_v2"
    ],
    [
      "skip_risk_v2",
      "context_collab_v2"
    ]
  ],
  "shuffle_candidates": true
}
{
  "output": "/kaggle/working/pilot/amazon_film_attribute_matched_shuffled_grounded_chunk1_pilot_trials.jsonl",
  "trials": 25,
  "completed_this_run": 25,
  "remaining": 0,
  "stopped_early": false,
  "repaired_tail_bytes": 0,
  "elapsed_minutes": 4.94,
  "skipped_existing": 0,
  "ensembles_combined": 25,
  "ensembles_failed": 0,
  "member_parse_failures": 0,
  "member_request_failures": 0,
  "provider": "chat-completions",
  "domain": "amazon_film",
  "members": [
    [
      "baseline_scores_v1",
      "context_collab_v2"
    ],
    [
      "next_step_v2",
      "context_collab_v2"
    ],
    [
      "long_term_taste_v2",
      "context_collab_v2"
    ],
    [
      "closest_match_v2",
      "context_collab_v2"
    ],
    [
      "rule_out_rank_v2",
      "context_collab_v2"
    ],
    [
      "preference_enjoy_v2",
      "context_collab_v2"
    ],
    [
      "preference_pick_now_v2",
      "context_collab_v2"
    ],
    [
      "skip_risk_v2",
      "context_collab_v2"
    ]
  ],
  "shuffle_candidates": true
}
{
  "output": "/kaggle/working/pilot/amazon_film_attribute_matched_shuffled_grounded_chunk2_pilot_trials.jsonl",
  "trials": 25,
  "completed_this_run": 25,
  "remaining": 0,
  "stopped_early": false,
  "repaired_tail_bytes": 0,
  "elapsed_minutes": 4.91,
  "skipped_existing": 0,
  "ensembles_combined": 25,
  "ensembles_failed": 0,
  "member_parse_failures": 0,
  "member_request_failures": 0,
  "provider": "chat-completions",
  "domain": "amazon_film",
  "members": [
    [
      "baseline_scores_v1",
      "context_collab_v2"
    ],
    [
      "next_step_v2",
      "context_collab_v2"
    ],
    [
      "long_term_taste_v2",
      "context_collab_v2"
    ],
    [
      "closest_match_v2",
      "context_collab_v2"
    ],
    [
      "rule_out_rank_v2",
      "context_collab_v2"
    ],
    [
      "preference_enjoy_v2",
      "context_collab_v2"
    ],
    [
      "preference_pick_now_v2",
      "context_collab_v2"
    ],
    [
      "skip_risk_v2",
      "context_collab_v2"
    ]
  ],
  "shuffle_candidates": true
}
{
  "output": "/kaggle/working/pilot/amazon_film_attribute_matched_shuffled_grounded_chunk3_pilot_trials.jsonl",
  "trials": 25,
  "completed_this_run": 25,
  "remaining": 0,
  "stopped_early": false,
  "repaired_tail_bytes": 0,
  "elapsed_minutes": 4.85,
  "skipped_existing": 0,
  "ensembles_combined": 25,
  "ensembles_failed": 0,
  "member_parse_failures": 0,
  "member_request_failures": 0,
  "provider": "chat-completions",
  "domain": "amazon_film",
  "members": [
    [
      "baseline_scores_v1",
      "context_collab_v2"
    ],
    [
      "next_step_v2",
      "context_collab_v2"
    ],
    [
      "long_term_taste_v2",
      "context_collab_v2"
    ],
    [
      "closest_match_v2",
      "context_collab_v2"
    ],
    [
      "rule_out_rank_v2",
      "context_collab_v2"
    ],
    [
      "preference_enjoy_v2",
      "context_collab_v2"
    ],
    [
      "preference_pick_now_v2",
      "context_collab_v2"
    ],
    [
      "skip_risk_v2",
      "context_collab_v2"
    ]
  ],
  "shuffle_candidates": true
}
{
  "output": "/kaggle/working/pilot/amazon_film_attribute_matched_shuffled_grounded_chunk4_pilot_trials.jsonl",
  "trials": 25,
  "completed_this_run": 25,
  "remaining": 0,
  "stopped_early": false,
  "repaired_tail_bytes": 0,
  "elapsed_minutes": 4.98,
  "skipped_existing": 0,
  "ensembles_combined": 25,
  "ensembles_failed": 0,
  "member_parse_failures": 0,
  "member_request_failures": 0,
  "provider": "chat-completions",
  "domain": "amazon_film",
  "members": [
    [
      "baseline_scores_v1",
      "context_collab_v2"
    ],
    [
      "next_step_v2",
      "context_collab_v2"
    ],
    [
      "long_term_taste_v2",
      "context_collab_v2"
    ],
    [
      "closest_match_v2",
      "context_collab_v2"
    ],
    [
      "rule_out_rank_v2",
      "context_collab_v2"
    ],
    [
      "preference_enjoy_v2",
      "context_collab_v2"
    ],
    [
      "preference_pick_now_v2",
      "context_collab_v2"
    ],
    [
      "skip_risk_v2",
      "context_collab_v2"
    ]
  ],
  "shuffle_candidates": true
}
{
  "output": "/kaggle/working/pilot/amazon_film_attribute_matched_shuffled_grounded_chunk5_pilot_trials.jsonl",
  "trials": 25,
  "completed_this_run": 25,
  "remaining": 0,
  "stopped_early": false,
  "repaired_tail_bytes": 0,
  "elapsed_minutes": 4.88,
  "skipped_existing": 0,
  "ensembles_combined": 25,
  "ensembles_failed": 0,
  "member_parse_failures": 0,
  "member_request_failures": 0,
  "provider": "chat-completions",
  "domain": "amazon_film",
  "members": [
    [
      "baseline_scores_v1",
      "context_collab_v2"
    ],
    [
      "next_step_v2",
      "context_collab_v2"
    ],
    [
      "long_term_taste_v2",
      "context_collab_v2"
    ],
    [
      "closest_match_v2",
      "context_collab_v2"
    ],
    [
      "rule_out_rank_v2",
      "context_collab_v2"
    ],
    [
      "preference_enjoy_v2",
      "context_collab_v2"
    ],
    [
      "preference_pick_now_v2",
      "context_collab_v2"
    ],
    [
      "skip_risk_v2",
      "context_collab_v2"
    ]
  ],
  "shuffle_candidates": true
}
{
  "output": "/kaggle/working/pilot/amazon_film_attribute_matched_shuffled_grounded_chunk6_pilot_trials.jsonl",
  "trials": 25,
  "completed_this_run": 25,
  "remaining": 0,
  "stopped_early": false,
  "repaired_tail_bytes": 0,
  "elapsed_minutes": 4.92,
  "skipped_existing": 0,
  "ensembles_combined": 25,
  "ensembles_failed": 0,
  "member_parse_failures": 0,
  "member_request_failures": 0,
  "provider": "chat-completions",
  "domain": "amazon_film",
  "members": [
    [
      "baseline_scores_v1",
      "context_collab_v2"
    ],
    [
      "next_step_v2",
      "context_collab_v2"
    ],
    [
      "long_term_taste_v2",
      "context_collab_v2"
    ],
    [
      "closest_match_v2",
      "context_collab_v2"
    ],
    [
      "rule_out_rank_v2",
      "context_collab_v2"
    ],
    [
      "preference_enjoy_v2",
      "context_collab_v2"
    ],
    [
      "preference_pick_now_v2",
      "context_collab_v2"
    ],
    [
      "skip_risk_v2",
      "context_collab_v2"
    ]
  ],
  "shuffle_candidates": true
}
{
  "output": "/kaggle/working/pilot/amazon_film_attribute_matched_shuffled_grounded_chunk7_pilot_trials.jsonl",
  "trials": 25,
  "completed_this_run": 25,
  "remaining": 0,
  "stopped_early": false,
  "repaired_tail_bytes": 0,
  "elapsed_minutes": 4.82,
  "skipped_existing": 0,
  "ensembles_combined": 25,
  "ensembles_failed": 0,
  "member_parse_failures": 0,
  "member_request_failures": 0,
  "provider": "chat-completions",
  "domain": "amazon_film",
  "members": [
    [
      "baseline_scores_v1",
      "context_collab_v2"
    ],
    [
      "next_step_v2",
      "context_collab_v2"
    ],
    [
      "long_term_taste_v2",
      "context_collab_v2"
    ],
    [
      "closest_match_v2",
      "context_collab_v2"
    ],
    [
      "rule_out_rank_v2",
      "context_collab_v2"
    ],
    [
      "preference_enjoy_v2",
      "context_collab_v2"
    ],
    [
      "preference_pick_now_v2",
      "context_collab_v2"
    ],
    [
      "skip_risk_v2",
      "context_collab_v2"
    ]
  ],
  "shuffle_candidates": true
}
{
  "output": "/kaggle/working/pilot/amazon_film_attribute_matched_shuffled_grounded_chunk8_pilot_trials.jsonl",
  "trials": 25,
  "completed_this_run": 25,
  "remaining": 0,
  "stopped_early": false,
  "repaired_tail_bytes": 0,
  "elapsed_minutes": 4.99,
  "skipped_existing": 0,
  "ensembles_combined": 25,
  "ensembles_failed": 0,
  "member_parse_failures": 0,
  "member_request_failures": 0,
  "provider": "chat-completions",
  "domain": "amazon_film",
  "members": [
    [
      "baseline_scores_v1",
      "context_collab_v2"
    ],
    [
      "next_step_v2",
      "context_collab_v2"
    ],
    [
      "long_term_taste_v2",
      "context_collab_v2"
    ],
    [
      "closest_match_v2",
      "context_collab_v2"
    ],
    [
      "rule_out_rank_v2",
      "context_collab_v2"
    ],
    [
      "preference_enjoy_v2",
      "context_collab_v2"
    ],
    [
      "preference_pick_now_v2",
      "context_collab_v2"
    ],
    [
      "skip_risk_v2",
      "context_collab_v2"
    ]
  ],
  "shuffle_candidates": true
}
{
  "output": "/kaggle/working/pilot/amazon_film_attribute_matched_shuffled_grounded_chunk9_pilot_trials.jsonl",
  "trials": 25,
  "completed_this_run": 25,
  "remaining": 0,
  "stopped_early": false,
  "repaired_tail_bytes": 0,
  "elapsed_minutes": 4.84,
  "skipped_existing": 0,
  "ensembles_combined": 25,
  "ensembles_failed": 0,
  "member_parse_failures": 0,
  "member_request_failures": 0,
  "provider": "chat-completions",
  "domain": "amazon_film",
  "members": [
    [
      "baseline_scores_v1",
      "context_collab_v2"
    ],
    [
      "next_step_v2",
      "context_collab_v2"
    ],
    [
      "long_term_taste_v2",
      "context_collab_v2"
    ],
    [
      "closest_match_v2",
      "context_collab_v2"
    ],
    [
      "rule_out_rank_v2",
      "context_collab_v2"
    ],
    [
      "preference_enjoy_v2",
      "context_collab_v2"
    ],
    [
      "preference_pick_now_v2",
      "context_collab_v2"
    ],
    [
      "skip_risk_v2",
      "context_collab_v2"
    ]
  ],
  "shuffle_candidates": true
}
{
  "output": "/kaggle/working/pilot/amazon_film_attribute_matched_shuffled_grounded_chunk10_pilot_trials.jsonl",
  "trials": 25,
  "completed_this_run": 25,
  "remaining": 0,
  "stopped_early": false,
  "repaired_tail_bytes": 0,
  "elapsed_minutes": 5.08,
  "skipped_existing": 0,
  "ensembles_combined": 25,
  "ensembles_failed": 0,
  "member_parse_failures": 0,
  "member_request_failures": 0,
  "provider": "chat-completions",
  "domain": "amazon_film",
  "members": [
    [
      "baseline_scores_v1",
      "context_collab_v2"
    ],
    [
      "next_step_v2",
      "context_collab_v2"
    ],
    [
      "long_term_taste_v2",
      "context_collab_v2"
    ],
    [
      "closest_match_v2",
      "context_collab_v2"
    ],
    [
      "rule_out_rank_v2",
      "context_collab_v2"
    ],
    [
      "preference_enjoy_v2",
      "context_collab_v2"
    ],
    [
      "preference_pick_now_v2",
      "context_collab_v2"
    ],
    [
      "skip_risk_v2",
      "context_collab_v2"
    ]
  ],
  "shuffle_candidates": true
}
{
  "output": "/kaggle/working/pilot/amazon_film_attribute_matched_shuffled_grounded_chunk11_pilot_trials.jsonl",
  "trials": 25,
  "completed_this_run": 25,
  "remaining": 0,
  "stopped_early": false,
  "repaired_tail_bytes": 0,
  "elapsed_minutes": 4.83,
  "skipped_existing": 0,
  "ensembles_combined": 25,
  "ensembles_failed": 0,
  "member_parse_failures": 0,
  "member_request_failures": 0,
  "provider": "chat-completions",
  "domain": "amazon_film",
  "members": [
    [
      "baseline_scores_v1",
      "context_collab_v2"
    ],
    [
      "next_step_v2",
      "context_collab_v2"
    ],
    [
      "long_term_taste_v2",
      "context_collab_v2"
    ],
    [
      "closest_match_v2",
      "context_collab_v2"
    ],
    [
      "rule_out_rank_v2",
      "context_collab_v2"
    ],
    [
      "preference_enjoy_v2",
      "context_collab_v2"
    ],
    [
      "preference_pick_now_v2",
      "context_collab_v2"
    ],
    [
      "skip_risk_v2",
      "context_collab_v2"
    ]
  ],
  "shuffle_candidates": true
}
{
  "output": "/kaggle/working/pilot/amazon_film_attribute_matched_shuffled_grounded_chunk12_pilot_trials.jsonl",
  "trials": 25,
  "completed_this_run": 25,
  "remaining": 0,
  "stopped_early": false,
  "repaired_tail_bytes": 0,
  "elapsed_minutes": 5.02,
  "skipped_existing": 0,
  "ensembles_combined": 25,
  "ensembles_failed": 0,
  "member_parse_failures": 0,
  "member_request_failures": 0,
  "provider": "chat-completions",
  "domain": "amazon_film",
  "members": [
    [
      "baseline_scores_v1",
      "context_collab_v2"
    ],
    [
      "next_step_v2",
      "context_collab_v2"
    ],
    [
      "long_term_taste_v2",
      "context_collab_v2"
    ],
    [
      "closest_match_v2",
      "context_collab_v2"
    ],
    [
      "rule_out_rank_v2",
      "context_collab_v2"
    ],
    [
      "preference_enjoy_v2",
      "context_collab_v2"
    ],
    [
      "preference_pick_now_v2",
      "context_collab_v2"
    ],
    [
      "skip_risk_v2",
      "context_collab_v2"
    ]
  ],
  "shuffle_candidates": true
}
{
  "output": "/kaggle/working/pilot/amazon_film_attribute_matched_shuffled_grounded_chunk13_pilot_trials.jsonl",
  "trials": 25,
  "completed_this_run": 25,
  "remaining": 0,
  "stopped_early": false,
  "repaired_tail_bytes": 0,
  "elapsed_minutes": 4.86,
  "skipped_existing": 0,
  "ensembles_combined": 25,
  "ensembles_failed": 0,
  "member_parse_failures": 0,
  "member_request_failures": 0,
  "provider": "chat-completions",
  "domain": "amazon_film",
  "members": [
    [
      "baseline_scores_v1",
      "context_collab_v2"
    ],
    [
      "next_step_v2",
      "context_collab_v2"
    ],
    [
      "long_term_taste_v2",
      "context_collab_v2"
    ],
    [
      "closest_match_v2",
      "context_collab_v2"
    ],
    [
      "rule_out_rank_v2",
      "context_collab_v2"
    ],
    [
      "preference_enjoy_v2",
      "context_collab_v2"
    ],
    [
      "preference_pick_now_v2",
      "context_collab_v2"
    ],
    [
      "skip_risk_v2",
      "context_collab_v2"
    ]
  ],
  "shuffle_candidates": true
}
{
  "output": "/kaggle/working/pilot/amazon_film_attribute_matched_shuffled_grounded_chunk14_pilot_trials.jsonl",
  "trials": 25,
  "completed_this_run": 25,
  "remaining": 0,
  "stopped_early": false,
  "repaired_tail_bytes": 0,
  "elapsed_minutes": 5.01,
  "skipped_existing": 0,
  "ensembles_combined": 25,
  "ensembles_failed": 0,
  "member_parse_failures": 0,
  "member_request_failures": 0,
  "provider": "chat-completions",
  "domain": "amazon_film",
  "members": [
    [
      "baseline_scores_v1",
      "context_collab_v2"
    ],
    [
      "next_step_v2",
      "context_collab_v2"
    ],
    [
      "long_term_taste_v2",
      "context_collab_v2"
    ],
    [
      "closest_match_v2",
      "context_collab_v2"
    ],
    [
      "rule_out_rank_v2",
      "context_collab_v2"
    ],
    [
      "preference_enjoy_v2",
      "context_collab_v2"
    ],
    [
      "preference_pick_now_v2",
      "context_collab_v2"
    ],
    [
      "skip_risk_v2",
      "context_collab_v2"
    ]
  ],
  "shuffle_candidates": true
}
{
  "output": "/kaggle/working/pilot/amazon_film_attribute_matched_shuffled_grounded_chunk15_pilot_trials.jsonl",
  "trials": 25,
  "completed_this_run": 25,
  "remaining": 0,
  "stopped_early": false,
  "repaired_tail_bytes": 0,
  "elapsed_minutes": 4.83,
  "skipped_existing": 0,
  "ensembles_combined": 25,
  "ensembles_failed": 0,
  "member_parse_failures": 0,
  "member_request_failures": 0,
  "provider": "chat-completions",
  "domain": "amazon_film",
  "members": [
    [
      "baseline_scores_v1",
      "context_collab_v2"
    ],
    [
      "next_step_v2",
      "context_collab_v2"
    ],
    [
      "long_term_taste_v2",
      "context_collab_v2"
    ],
    [
      "closest_match_v2",
      "context_collab_v2"
    ],
    [
      "rule_out_rank_v2",
      "context_collab_v2"
    ],
    [
      "preference_enjoy_v2",
      "context_collab_v2"
    ],
    [
      "preference_pick_now_v2",
      "context_collab_v2"
    ],
    [
      "skip_risk_v2",
      "context_collab_v2"
    ]
  ],
  "shuffle_candidates": true
}
{
  "output": "/kaggle/working/pilot/amazon_film_attribute_matched_shuffled_grounded_chunk16_pilot_trials.jsonl",
  "trials": 25,
  "completed_this_run": 25,
  "remaining": 0,
  "stopped_early": false,
  "repaired_tail_bytes": 0,
  "elapsed_minutes": 5.03,
  "skipped_existing": 0,
  "ensembles_combined": 25,
  "ensembles_failed": 0,
  "member_parse_failures": 0,
  "member_request_failures": 0,
  "provider": "chat-completions",
  "domain": "amazon_film",
  "members": [
    [
      "baseline_scores_v1",
      "context_collab_v2"
    ],
    [
      "next_step_v2",
      "context_collab_v2"
    ],
    [
      "long_term_taste_v2",
      "context_collab_v2"
    ],
    [
      "closest_match_v2",
      "context_collab_v2"
    ],
    [
      "rule_out_rank_v2",
      "context_collab_v2"
    ],
    [
      "preference_enjoy_v2",
      "context_collab_v2"
    ],
    [
      "preference_pick_now_v2",
      "context_collab_v2"
    ],
    [
      "skip_risk_v2",
      "context_collab_v2"
    ]
  ],
  "shuffle_candidates": true
}
{
  "output": "/kaggle/working/pilot/amazon_film_attribute_matched_shuffled_grounded_chunk17_pilot_trials.jsonl",
  "trials": 25,
  "completed_this_run": 25,
  "remaining": 0,
  "stopped_early": false,
  "repaired_tail_bytes": 0,
  "elapsed_minutes": 4.82,
  "skipped_existing": 0,
  "ensembles_combined": 25,
  "ensembles_failed": 0,
  "member_parse_failures": 0,
  "member_request_failures": 0,
  "provider": "chat-completions",
  "domain": "amazon_film",
  "members": [
    [
      "baseline_scores_v1",
      "context_collab_v2"
    ],
    [
      "next_step_v2",
      "context_collab_v2"
    ],
    [
      "long_term_taste_v2",
      "context_collab_v2"
    ],
    [
      "closest_match_v2",
      "context_collab_v2"
    ],
    [
      "rule_out_rank_v2",
      "context_collab_v2"
    ],
    [
      "preference_enjoy_v2",
      "context_collab_v2"
    ],
    [
      "preference_pick_now_v2",
      "context_collab_v2"
    ],
    [
      "skip_risk_v2",
      "context_collab_v2"
    ]
  ],
  "shuffle_candidates": true
}
{
  "output": "/kaggle/working/pilot/amazon_film_attribute_matched_shuffled_grounded_chunk18_pilot_trials.jsonl",
  "trials": 25,
  "completed_this_run": 25,
  "remaining": 0,
  "stopped_early": false,
  "repaired_tail_bytes": 0,
  "elapsed_minutes": 5.01,
  "skipped_existing": 0,
  "ensembles_combined": 25,
  "ensembles_failed": 0,
  "member_parse_failures": 0,
  "member_request_failures": 0,
  "provider": "chat-completions",
  "domain": "amazon_film",
  "members": [
    [
      "baseline_scores_v1",
      "context_collab_v2"
    ],
    [
      "next_step_v2",
      "context_collab_v2"
    ],
    [
      "long_term_taste_v2",
      "context_collab_v2"
    ],
    [
      "closest_match_v2",
      "context_collab_v2"
    ],
    [
      "rule_out_rank_v2",
      "context_collab_v2"
    ],
    [
      "preference_enjoy_v2",
      "context_collab_v2"
    ],
    [
      "preference_pick_now_v2",
      "context_collab_v2"
    ],
    [
      "skip_risk_v2",
      "context_collab_v2"
    ]
  ],
  "shuffle_candidates": true
}
{
  "output": "/kaggle/working/pilot/amazon_film_attribute_matched_shuffled_grounded_chunk19_pilot_trials.jsonl",
  "trials": 25,
  "completed_this_run": 25,
  "remaining": 0,
  "stopped_early": false,
  "repaired_tail_bytes": 0,
  "elapsed_minutes": 4.81,
  "skipped_existing": 0,
  "ensembles_combined": 25,
  "ensembles_failed": 0,
  "member_parse_failures": 1,
  "member_request_failures": 0,
  "provider": "chat-completions",
  "domain": "amazon_film",
  "members": [
    [
      "baseline_scores_v1",
      "context_collab_v2"
    ],
    [
      "next_step_v2",
      "context_collab_v2"
    ],
    [
      "long_term_taste_v2",
      "context_collab_v2"
    ],
    [
      "closest_match_v2",
      "context_collab_v2"
    ],
    [
      "rule_out_rank_v2",
      "context_collab_v2"
    ],
    [
      "preference_enjoy_v2",
      "context_collab_v2"
    ],
    [
      "preference_pick_now_v2",
      "context_collab_v2"
    ],
    [
      "skip_risk_v2",
      "context_collab_v2"
    ]
  ],
  "shuffle_candidates": true
}
{
  "output": "/kaggle/working/pilot/amazon_film_attribute_matched_shuffled_grounded_chunk20_pilot_trials.jsonl",
  "trials": 25,
  "completed_this_run": 25,
  "remaining": 0,
  "stopped_early": false,
  "repaired_tail_bytes": 0,
  "elapsed_minutes": 4.98,
  "skipped_existing": 0,
  "ensembles_combined": 25,
  "ensembles_failed": 0,
  "member_parse_failures": 0,
  "member_request_failures": 0,
  "provider": "chat-completions",
  "domain": "amazon_film",
  "members": [
    [
      "baseline_scores_v1",
      "context_collab_v2"
    ],
    [
      "next_step_v2",
      "context_collab_v2"
    ],
    [
      "long_term_taste_v2",
      "context_collab_v2"
    ],
    [
      "closest_match_v2",
      "context_collab_v2"
    ],
    [
      "rule_out_rank_v2",
      "context_collab_v2"
    ],
    [
      "preference_enjoy_v2",
      "context_collab_v2"
    ],
    [
      "preference_pick_now_v2",
      "context_collab_v2"
    ],
    [
      "skip_risk_v2",
      "context_collab_v2"
    ]
  ],
  "shuffle_candidates": true
}
{
  "output": "/kaggle/working/pilot/amazon_film_attribute_matched_shuffled_grounded_chunk21_pilot_trials.jsonl",
  "trials": 25,
  "completed_this_run": 25,
  "remaining": 0,
  "stopped_early": false,
  "repaired_tail_bytes": 0,
  "elapsed_minutes": 4.79,
  "skipped_existing": 0,
  "ensembles_combined": 25,
  "ensembles_failed": 0,
  "member_parse_failures": 0,
  "member_request_failures": 0,
  "provider": "chat-completions",
  "domain": "amazon_film",
  "members": [
    [
      "baseline_scores_v1",
      "context_collab_v2"
    ],
    [
      "next_step_v2",
      "context_collab_v2"
    ],
    [
      "long_term_taste_v2",
      "context_collab_v2"
    ],
    [
      "closest_match_v2",
      "context_collab_v2"
    ],
    [
      "rule_out_rank_v2",
      "context_collab_v2"
    ],
    [
      "preference_enjoy_v2",
      "context_collab_v2"
    ],
    [
      "preference_pick_now_v2",
      "context_collab_v2"
    ],
    [
      "skip_risk_v2",
      "context_collab_v2"
    ]
  ],
  "shuffle_candidates": true
}
{
  "output": "/kaggle/working/pilot/amazon_film_attribute_matched_shuffled_grounded_chunk22_pilot_trials.jsonl",
  "trials": 25,
  "completed_this_run": 25,
  "remaining": 0,
  "stopped_early": false,
  "repaired_tail_bytes": 0,
  "elapsed_minutes": 4.99,
  "skipped_existing": 0,
  "ensembles_combined": 25,
  "ensembles_failed": 0,
  "member_parse_failures": 0,
  "member_request_failures": 0,
  "provider": "chat-completions",
  "domain": "amazon_film",
  "members": [
    [
      "baseline_scores_v1",
      "context_collab_v2"
    ],
    [
      "next_step_v2",
      "context_collab_v2"
    ],
    [
      "long_term_taste_v2",
      "context_collab_v2"
    ],
    [
      "closest_match_v2",
      "context_collab_v2"
    ],
    [
      "rule_out_rank_v2",
      "context_collab_v2"
    ],
    [
      "preference_enjoy_v2",
      "context_collab_v2"
    ],
    [
      "preference_pick_now_v2",
      "context_collab_v2"
    ],
    [
      "skip_risk_v2",
      "context_collab_v2"
    ]
  ],
  "shuffle_candidates": true
}
{
  "output": "/kaggle/working/pilot/amazon_film_attribute_matched_shuffled_grounded_chunk23_pilot_trials.jsonl",
  "trials": 25,
  "completed_this_run": 25,
  "remaining": 0,
  "stopped_early": false,
  "repaired_tail_bytes": 0,
  "elapsed_minutes": 4.78,
  "skipped_existing": 0,
  "ensembles_combined": 25,
  "ensembles_failed": 0,
  "member_parse_failures": 0,
  "member_request_failures": 0,
  "provider": "chat-completions",
  "domain": "amazon_film",
  "members": [
    [
      "baseline_scores_v1",
      "context_collab_v2"
    ],
    [
      "next_step_v2",
      "context_collab_v2"
    ],
    [
      "long_term_taste_v2",
      "context_collab_v2"
    ],
    [
      "closest_match_v2",
      "context_collab_v2"
    ],
    [
      "rule_out_rank_v2",
      "context_collab_v2"
    ],
    [
      "preference_enjoy_v2",
      "context_collab_v2"
    ],
    [
      "preference_pick_now_v2",
      "context_collab_v2"
    ],
    [
      "skip_risk_v2",
      "context_collab_v2"
    ]
  ],
  "shuffle_candidates": true
}
