{
  "output": "/kaggle/working/pilot/amazon_tv_random_shuffled_strategy_chunk0_pilot_trials.jsonl",
  "trials": 25,
  "completed_this_run": 25,
  "remaining": 0,
  "stopped_early": false,
  "repaired_tail_bytes": 0,
  "elapsed_minutes": 10.06,
  "skipped_existing": 0,
  "ensembles_combined": 25,
  "ensembles_failed": 0,
  "member_parse_failures": 0,
  "member_request_failures": 0,
  "provider": "chat-completions",
  "domain": "amazon_tv",
  "members": [
    [
      "baseline_scores_v1",
      "context_title_v1"
    ],
    [
      "next_step_v2",
      "context_title_v1"
    ],
    [
      "long_term_taste_v2",
      "context_title_v1"
    ],
    [
      "closest_match_v2",
      "context_title_v1"
    ],
    [
      "rule_out_rank_v2",
      "context_title_v1"
    ],
    [
      "preference_enjoy_v2",
      "context_title_v1"
    ],
    [
      "preference_pick_now_v2",
      "context_title_v1"
    ],
    [
      "skip_risk_v2",
      "context_title_v1"
    ]
  ],
  "shuffle_candidates": true
}
{
  "output": "/kaggle/working/pilot/amazon_tv_random_shuffled_strategy_chunk1_pilot_trials.jsonl",
  "trials": 25,
  "completed_this_run": 25,
  "remaining": 0,
  "stopped_early": false,
  "repaired_tail_bytes": 0,
  "elapsed_minutes": 10.9,
  "skipped_existing": 0,
  "ensembles_combined": 25,
  "ensembles_failed": 0,
  "member_parse_failures": 0,
  "member_request_failures": 0,
  "provider": "chat-completions",
  "domain": "amazon_tv",
  "members": [
    [
      "baseline_scores_v1",
      "context_title_v1"
    ],
    [
      "next_step_v2",
      "context_title_v1"
    ],
    [
      "long_term_taste_v2",
      "context_title_v1"
    ],
    [
      "closest_match_v2",
      "context_title_v1"
    ],
    [
      "rule_out_rank_v2",
      "context_title_v1"
    ],
    [
      "preference_enjoy_v2",
      "context_title_v1"
    ],
    [
      "preference_pick_now_v2",
      "context_title_v1"
    ],
    [
      "skip_risk_v2",
      "context_title_v1"
    ]
  ],
  "shuffle_candidates": true
}
{
  "output": "/kaggle/working/pilot/amazon_tv_random_shuffled_strategy_chunk2_pilot_trials.jsonl",
  "trials": 25,
  "completed_this_run": 25,
  "remaining": 0,
  "stopped_early": false,
  "repaired_tail_bytes": 0,
  "elapsed_minutes": 10.03,
  "skipped_existing": 0,
  "ensembles_combined": 25,
  "ensembles_failed": 0,
  "member_parse_failures": 0,
  "member_request_failures": 0,
  "provider": "chat-completions",
  "domain": "amazon_tv",
  "members": [
    [
      "baseline_scores_v1",
      "context_title_v1"
    ],
    [
      "next_step_v2",
      "context_title_v1"
    ],
    [
      "long_term_taste_v2",
      "context_title_v1"
    ],
    [
      "closest_match_v2",
      "context_title_v1"
    ],
    [
      "rule_out_rank_v2",
      "context_title_v1"
    ],
    [
      "preference_enjoy_v2",
      "context_title_v1"
    ],
    [
      "preference_pick_now_v2",
      "context_title_v1"
    ],
    [
      "skip_risk_v2",
      "context_title_v1"
    ]
  ],
  "shuffle_candidates": true
}
{
  "output": "/kaggle/working/pilot/amazon_tv_random_shuffled_strategy_chunk3_pilot_trials.jsonl",
  "trials": 25,
  "completed_this_run": 25,
  "remaining": 0,
  "stopped_early": false,
  "repaired_tail_bytes": 0,
  "elapsed_minutes": 10.9,
  "skipped_existing": 0,
  "ensembles_combined": 25,
  "ensembles_failed": 0,
  "member_parse_failures": 0,
  "member_request_failures": 0,
  "provider": "chat-completions",
  "domain": "amazon_tv",
  "members": [
    [
      "baseline_scores_v1",
      "context_title_v1"
    ],
    [
      "next_step_v2",
      "context_title_v1"
    ],
    [
      "long_term_taste_v2",
      "context_title_v1"
    ],
    [
      "closest_match_v2",
      "context_title_v1"
    ],
    [
      "rule_out_rank_v2",
      "context_title_v1"
    ],
    [
      "preference_enjoy_v2",
      "context_title_v1"
    ],
    [
      "preference_pick_now_v2",
      "context_title_v1"
    ],
    [
      "skip_risk_v2",
      "context_title_v1"
    ]
  ],
  "shuffle_candidates": true
}
{
  "output": "/kaggle/working/pilot/amazon_tv_random_shuffled_strategy_chunk4_pilot_trials.jsonl",
  "trials": 25,
  "completed_this_run": 25,
  "remaining": 0,
  "stopped_early": false,
  "repaired_tail_bytes": 0,
  "elapsed_minutes": 10.1,
  "skipped_existing": 0,
  "ensembles_combined": 25,
  "ensembles_failed": 0,
  "member_parse_failures": 0,
  "member_request_failures": 0,
  "provider": "chat-completions",
  "domain": "amazon_tv",
  "members": [
    [
      "baseline_scores_v1",
      "context_title_v1"
    ],
    [
      "next_step_v2",
      "context_title_v1"
    ],
    [
      "long_term_taste_v2",
      "context_title_v1"
    ],
    [
      "closest_match_v2",
      "context_title_v1"
    ],
    [
      "rule_out_rank_v2",
      "context_title_v1"
    ],
    [
      "preference_enjoy_v2",
      "context_title_v1"
    ],
    [
      "preference_pick_now_v2",
      "context_title_v1"
    ],
    [
      "skip_risk_v2",
      "context_title_v1"
    ]
  ],
  "shuffle_candidates": true
}
{
  "output": "/kaggle/working/pilot/amazon_tv_random_shuffled_strategy_chunk5_pilot_trials.jsonl",
  "trials": 25,
  "completed_this_run": 25,
  "remaining": 0,
  "stopped_early": false,
  "repaired_tail_bytes": 0,
  "elapsed_minutes": 10.95,
  "skipped_existing": 0,
  "ensembles_combined": 25,
  "ensembles_failed": 0,
  "member_parse_failures": 0,
  "member_request_failures": 0,
  "provider": "chat-completions",
  "domain": "amazon_tv",
  "members": [
    [
      "baseline_scores_v1",
      "context_title_v1"
    ],
    [
      "next_step_v2",
      "context_title_v1"
    ],
    [
      "long_term_taste_v2",
      "context_title_v1"
    ],
    [
      "closest_match_v2",
      "context_title_v1"
    ],
    [
      "rule_out_rank_v2",
      "context_title_v1"
    ],
    [
      "preference_enjoy_v2",
      "context_title_v1"
    ],
    [
      "preference_pick_now_v2",
      "context_title_v1"
    ],
    [
      "skip_risk_v2",
      "context_title_v1"
    ]
  ],
  "shuffle_candidates": true
}
{
  "output": "/kaggle/working/pilot/amazon_tv_random_shuffled_strategy_chunk6_pilot_trials.jsonl",
  "trials": 25,
  "completed_this_run": 25,
  "remaining": 0,
  "stopped_early": false,
  "repaired_tail_bytes": 0,
  "elapsed_minutes": 10.08,
  "skipped_existing": 0,
  "ensembles_combined": 25,
  "ensembles_failed": 0,
  "member_parse_failures": 0,
  "member_request_failures": 0,
  "provider": "chat-completions",
  "domain": "amazon_tv",
  "members": [
    [
      "baseline_scores_v1",
      "context_title_v1"
    ],
    [
      "next_step_v2",
      "context_title_v1"
    ],
    [
      "long_term_taste_v2",
      "context_title_v1"
    ],
    [
      "closest_match_v2",
      "context_title_v1"
    ],
    [
      "rule_out_rank_v2",
      "context_title_v1"
    ],
    [
      "preference_enjoy_v2",
      "context_title_v1"
    ],
    [
      "preference_pick_now_v2",
      "context_title_v1"
    ],
    [
      "skip_risk_v2",
      "context_title_v1"
    ]
  ],
  "shuffle_candidates": true
}
{
  "output": "/kaggle/working/pilot/amazon_tv_random_shuffled_strategy_chunk7_pilot_trials.jsonl",
  "trials": 25,
  "completed_this_run": 25,
  "remaining": 0,
  "stopped_early": false,
  "repaired_tail_bytes": 0,
  "elapsed_minutes": 11.02,
  "skipped_existing": 0,
  "ensembles_combined": 25,
  "ensembles_failed": 0,
  "member_parse_failures": 0,
  "member_request_failures": 0,
  "provider": "chat-completions",
  "domain": "amazon_tv",
  "members": [
    [
      "baseline_scores_v1",
      "context_title_v1"
    ],
    [
      "next_step_v2",
      "context_title_v1"
    ],
    [
      "long_term_taste_v2",
      "context_title_v1"
    ],
    [
      "closest_match_v2",
      "context_title_v1"
    ],
    [
      "rule_out_rank_v2",
      "context_title_v1"
    ],
    [
      "preference_enjoy_v2",
      "context_title_v1"
    ],
    [
      "preference_pick_now_v2",
      "context_title_v1"
    ],
    [
      "skip_risk_v2",
      "context_title_v1"
    ]
  ],
  "shuffle_candidates": true
}
{
  "output": "/kaggle/working/pilot/amazon_tv_random_shuffled_strategy_chunk8_pilot_trials.jsonl",
  "trials": 25,
  "completed_this_run": 25,
  "remaining": 0,
  "stopped_early": false,
  "repaired_tail_bytes": 0,
  "elapsed_minutes": 10.1,
  "skipped_existing": 0,
  "ensembles_combined": 25,
  "ensembles_failed": 0,
  "member_parse_failures": 0,
  "member_request_failures": 0,
  "provider": "chat-completions",
  "domain": "amazon_tv",
  "members": [
    [
      "baseline_scores_v1",
      "context_title_v1"
    ],
    [
      "next_step_v2",
      "context_title_v1"
    ],
    [
      "long_term_taste_v2",
      "context_title_v1"
    ],
    [
      "closest_match_v2",
      "context_title_v1"
    ],
    [
      "rule_out_rank_v2",
      "context_title_v1"
    ],
    [
      "preference_enjoy_v2",
      "context_title_v1"
    ],
    [
      "preference_pick_now_v2",
      "context_title_v1"
    ],
    [
      "skip_risk_v2",
      "context_title_v1"
    ]
  ],
  "shuffle_candidates": true
}
{
  "output": "/kaggle/working/pilot/amazon_tv_random_shuffled_strategy_chunk9_pilot_trials.jsonl",
  "trials": 25,
  "completed_this_run": 25,
  "remaining": 0,
  "stopped_early": false,
  "repaired_tail_bytes": 0,
  "elapsed_minutes": 10.95,
  "skipped_existing": 0,
  "ensembles_combined": 25,
  "ensembles_failed": 0,
  "member_parse_failures": 0,
  "member_request_failures": 0,
  "provider": "chat-completions",
  "domain": "amazon_tv",
  "members": [
    [
      "baseline_scores_v1",
      "context_title_v1"
    ],
    [
      "next_step_v2",
      "context_title_v1"
    ],
    [
      "long_term_taste_v2",
      "context_title_v1"
    ],
    [
      "closest_match_v2",
      "context_title_v1"
    ],
    [
      "rule_out_rank_v2",
      "context_title_v1"
    ],
    [
      "preference_enjoy_v2",
      "context_title_v1"
    ],
    [
      "preference_pick_now_v2",
      "context_title_v1"
    ],
    [
      "skip_risk_v2",
      "context_title_v1"
    ]
  ],
  "shuffle_candidates": true
}
{
  "output": "/kaggle/working/pilot/amazon_tv_random_shuffled_strategy_chunk10_pilot_trials.jsonl",
  "trials": 25,
  "completed_this_run": 25,
  "remaining": 0,
  "stopped_early": false,
  "repaired_tail_bytes": 0,
  "elapsed_minutes": 10.1,
  "skipped_existing": 0,
  "ensembles_combined": 25,
  "ensembles_failed": 0,
  "member_parse_failures": 0,
  "member_request_failures": 0,
  "provider": "chat-completions",
  "domain": "amazon_tv",
  "members": [
    [
      "baseline_scores_v1",
      "context_title_v1"
    ],
    [
      "next_step_v2",
      "context_title_v1"
    ],
    [
      "long_term_taste_v2",
      "context_title_v1"
    ],
    [
      "closest_match_v2",
      "context_title_v1"
    ],
    [
      "rule_out_rank_v2",
      "context_title_v1"
    ],
    [
      "preference_enjoy_v2",
      "context_title_v1"
    ],
    [
      "preference_pick_now_v2",
      "context_title_v1"
    ],
    [
      "skip_risk_v2",
      "context_title_v1"
    ]
  ],
  "shuffle_candidates": true
}
{
  "output": "/kaggle/working/pilot/amazon_tv_random_shuffled_strategy_chunk11_pilot_trials.jsonl",
  "trials": 25,
  "completed_this_run": 25,
  "remaining": 0,
  "stopped_early": false,
  "repaired_tail_bytes": 0,
  "elapsed_minutes": 10.96,
  "skipped_existing": 0,
  "ensembles_combined": 25,
  "ensembles_failed": 0,
  "member_parse_failures": 0,
  "member_request_failures": 0,
  "provider": "chat-completions",
  "domain": "amazon_tv",
  "members": [
    [
      "baseline_scores_v1",
      "context_title_v1"
    ],
    [
      "next_step_v2",
      "context_title_v1"
    ],
    [
      "long_term_taste_v2",
      "context_title_v1"
    ],
    [
      "closest_match_v2",
      "context_title_v1"
    ],
    [
      "rule_out_rank_v2",
      "context_title_v1"
    ],
    [
      "preference_enjoy_v2",
      "context_title_v1"
    ],
    [
      "preference_pick_now_v2",
      "context_title_v1"
    ],
    [
      "skip_risk_v2",
      "context_title_v1"
    ]
  ],
  "shuffle_candidates": true
}
