{
  "output": "/kaggle/working/pilot/amazon_games_attribute_matched_shuffled_grounded_chunk0_pilot_trials.jsonl",
  "trials": 25,
  "completed_this_run": 25,
  "remaining": 0,
  "stopped_early": false,
  "repaired_tail_bytes": 0,
  "elapsed_minutes": 13.16,
  "skipped_existing": 0,
  "ensembles_combined": 25,
  "ensembles_failed": 0,
  "member_parse_failures": 0,
  "member_request_failures": 0,
  "provider": "chat-completions",
  "domain": "amazon_games",
  "members": [
    [
      "baseline_scores_v1",
      "context_collab_v2"
    ],
    [
      "next_step_v2",
      "context_collab_v2"
    ],
    [
      "long_term_taste_v2",
      "context_collab_v2"
    ],
    [
      "closest_match_v2",
      "context_collab_v2"
    ],
    [
      "rule_out_rank_v2",
      "context_collab_v2"
    ],
    [
      "preference_enjoy_v2",
      "context_collab_v2"
    ],
    [
      "preference_pick_now_v2",
      "context_collab_v2"
    ],
    [
      "skip_risk_v2",
      "context_collab_v2"
    ]
  ],
  "shuffle_candidates": true
}
{
  "output": "/kaggle/working/pilot/amazon_games_attribute_matched_shuffled_grounded_chunk1_pilot_trials.jsonl",
  "trials": 25,
  "completed_this_run": 25,
  "remaining": 0,
  "stopped_early": false,
  "repaired_tail_bytes": 0,
  "elapsed_minutes": 15.24,
  "skipped_existing": 0,
  "ensembles_combined": 25,
  "ensembles_failed": 0,
  "member_parse_failures": 0,
  "member_request_failures": 0,
  "provider": "chat-completions",
  "domain": "amazon_games",
  "members": [
    [
      "baseline_scores_v1",
      "context_collab_v2"
    ],
    [
      "next_step_v2",
      "context_collab_v2"
    ],
    [
      "long_term_taste_v2",
      "context_collab_v2"
    ],
    [
      "closest_match_v2",
      "context_collab_v2"
    ],
    [
      "rule_out_rank_v2",
      "context_collab_v2"
    ],
    [
      "preference_enjoy_v2",
      "context_collab_v2"
    ],
    [
      "preference_pick_now_v2",
      "context_collab_v2"
    ],
    [
      "skip_risk_v2",
      "context_collab_v2"
    ]
  ],
  "shuffle_candidates": true
}
{
  "output": "/kaggle/working/pilot/amazon_games_attribute_matched_shuffled_grounded_chunk2_pilot_trials.jsonl",
  "trials": 25,
  "completed_this_run": 25,
  "remaining": 0,
  "stopped_early": false,
  "repaired_tail_bytes": 0,
  "elapsed_minutes": 13.07,
  "skipped_existing": 0,
  "ensembles_combined": 25,
  "ensembles_failed": 0,
  "member_parse_failures": 0,
  "member_request_failures": 0,
  "provider": "chat-completions",
  "domain": "amazon_games",
  "members": [
    [
      "baseline_scores_v1",
      "context_collab_v2"
    ],
    [
      "next_step_v2",
      "context_collab_v2"
    ],
    [
      "long_term_taste_v2",
      "context_collab_v2"
    ],
    [
      "closest_match_v2",
      "context_collab_v2"
    ],
    [
      "rule_out_rank_v2",
      "context_collab_v2"
    ],
    [
      "preference_enjoy_v2",
      "context_collab_v2"
    ],
    [
      "preference_pick_now_v2",
      "context_collab_v2"
    ],
    [
      "skip_risk_v2",
      "context_collab_v2"
    ]
  ],
  "shuffle_candidates": true
}
{
  "output": "/kaggle/working/pilot/amazon_games_attribute_matched_shuffled_grounded_chunk3_pilot_trials.jsonl",
  "trials": 25,
  "completed_this_run": 25,
  "remaining": 0,
  "stopped_early": false,
  "repaired_tail_bytes": 0,
  "elapsed_minutes": 15.25,
  "skipped_existing": 0,
  "ensembles_combined": 25,
  "ensembles_failed": 0,
  "member_parse_failures": 0,
  "member_request_failures": 0,
  "provider": "chat-completions",
  "domain": "amazon_games",
  "members": [
    [
      "baseline_scores_v1",
      "context_collab_v2"
    ],
    [
      "next_step_v2",
      "context_collab_v2"
    ],
    [
      "long_term_taste_v2",
      "context_collab_v2"
    ],
    [
      "closest_match_v2",
      "context_collab_v2"
    ],
    [
      "rule_out_rank_v2",
      "context_collab_v2"
    ],
    [
      "preference_enjoy_v2",
      "context_collab_v2"
    ],
    [
      "preference_pick_now_v2",
      "context_collab_v2"
    ],
    [
      "skip_risk_v2",
      "context_collab_v2"
    ]
  ],
  "shuffle_candidates": true
}
{
  "output": "/kaggle/working/pilot/amazon_games_attribute_matched_shuffled_grounded_chunk4_pilot_trials.jsonl",
  "trials": 25,
  "completed_this_run": 25,
  "remaining": 0,
  "stopped_early": false,
  "repaired_tail_bytes": 0,
  "elapsed_minutes": 13.21,
  "skipped_existing": 0,
  "ensembles_combined": 25,
  "ensembles_failed": 0,
  "member_parse_failures": 0,
  "member_request_failures": 0,
  "provider": "chat-completions",
  "domain": "amazon_games",
  "members": [
    [
      "baseline_scores_v1",
      "context_collab_v2"
    ],
    [
      "next_step_v2",
      "context_collab_v2"
    ],
    [
      "long_term_taste_v2",
      "context_collab_v2"
    ],
    [
      "closest_match_v2",
      "context_collab_v2"
    ],
    [
      "rule_out_rank_v2",
      "context_collab_v2"
    ],
    [
      "preference_enjoy_v2",
      "context_collab_v2"
    ],
    [
      "preference_pick_now_v2",
      "context_collab_v2"
    ],
    [
      "skip_risk_v2",
      "context_collab_v2"
    ]
  ],
  "shuffle_candidates": true
}
{
  "output": "/kaggle/working/pilot/amazon_games_attribute_matched_shuffled_grounded_chunk5_pilot_trials.jsonl",
  "trials": 25,
  "completed_this_run": 25,
  "remaining": 0,
  "stopped_early": false,
  "repaired_tail_bytes": 0,
  "elapsed_minutes": 15.42,
  "skipped_existing": 0,
  "ensembles_combined": 25,
  "ensembles_failed": 0,
  "member_parse_failures": 0,
  "member_request_failures": 0,
  "provider": "chat-completions",
  "domain": "amazon_games",
  "members": [
    [
      "baseline_scores_v1",
      "context_collab_v2"
    ],
    [
      "next_step_v2",
      "context_collab_v2"
    ],
    [
      "long_term_taste_v2",
      "context_collab_v2"
    ],
    [
      "closest_match_v2",
      "context_collab_v2"
    ],
    [
      "rule_out_rank_v2",
      "context_collab_v2"
    ],
    [
      "preference_enjoy_v2",
      "context_collab_v2"
    ],
    [
      "preference_pick_now_v2",
      "context_collab_v2"
    ],
    [
      "skip_risk_v2",
      "context_collab_v2"
    ]
  ],
  "shuffle_candidates": true
}
{
  "output": "/kaggle/working/pilot/amazon_games_attribute_matched_shuffled_grounded_chunk6_pilot_trials.jsonl",
  "trials": 25,
  "completed_this_run": 25,
  "remaining": 0,
  "stopped_early": false,
  "repaired_tail_bytes": 0,
  "elapsed_minutes": 13.19,
  "skipped_existing": 0,
  "ensembles_combined": 25,
  "ensembles_failed": 0,
  "member_parse_failures": 0,
  "member_request_failures": 0,
  "provider": "chat-completions",
  "domain": "amazon_games",
  "members": [
    [
      "baseline_scores_v1",
      "context_collab_v2"
    ],
    [
      "next_step_v2",
      "context_collab_v2"
    ],
    [
      "long_term_taste_v2",
      "context_collab_v2"
    ],
    [
      "closest_match_v2",
      "context_collab_v2"
    ],
    [
      "rule_out_rank_v2",
      "context_collab_v2"
    ],
    [
      "preference_enjoy_v2",
      "context_collab_v2"
    ],
    [
      "preference_pick_now_v2",
      "context_collab_v2"
    ],
    [
      "skip_risk_v2",
      "context_collab_v2"
    ]
  ],
  "shuffle_candidates": true
}
{
  "output": "/kaggle/working/pilot/amazon_games_attribute_matched_shuffled_grounded_chunk7_pilot_trials.jsonl",
  "trials": 25,
  "completed_this_run": 25,
  "remaining": 0,
  "stopped_early": false,
  "repaired_tail_bytes": 0,
  "elapsed_minutes": 15.06,
  "skipped_existing": 0,
  "ensembles_combined": 25,
  "ensembles_failed": 0,
  "member_parse_failures": 0,
  "member_request_failures": 0,
  "provider": "chat-completions",
  "domain": "amazon_games",
  "members": [
    [
      "baseline_scores_v1",
      "context_collab_v2"
    ],
    [
      "next_step_v2",
      "context_collab_v2"
    ],
    [
      "long_term_taste_v2",
      "context_collab_v2"
    ],
    [
      "closest_match_v2",
      "context_collab_v2"
    ],
    [
      "rule_out_rank_v2",
      "context_collab_v2"
    ],
    [
      "preference_enjoy_v2",
      "context_collab_v2"
    ],
    [
      "preference_pick_now_v2",
      "context_collab_v2"
    ],
    [
      "skip_risk_v2",
      "context_collab_v2"
    ]
  ],
  "shuffle_candidates": true
}
{
  "output": "/kaggle/working/pilot/amazon_games_attribute_matched_shuffled_grounded_chunk8_pilot_trials.jsonl",
  "trials": 25,
  "completed_this_run": 25,
  "remaining": 0,
  "stopped_early": false,
  "repaired_tail_bytes": 0,
  "elapsed_minutes": 13.08,
  "skipped_existing": 0,
  "ensembles_combined": 25,
  "ensembles_failed": 0,
  "member_parse_failures": 0,
  "member_request_failures": 0,
  "provider": "chat-completions",
  "domain": "amazon_games",
  "members": [
    [
      "baseline_scores_v1",
      "context_collab_v2"
    ],
    [
      "next_step_v2",
      "context_collab_v2"
    ],
    [
      "long_term_taste_v2",
      "context_collab_v2"
    ],
    [
      "closest_match_v2",
      "context_collab_v2"
    ],
    [
      "rule_out_rank_v2",
      "context_collab_v2"
    ],
    [
      "preference_enjoy_v2",
      "context_collab_v2"
    ],
    [
      "preference_pick_now_v2",
      "context_collab_v2"
    ],
    [
      "skip_risk_v2",
      "context_collab_v2"
    ]
  ],
  "shuffle_candidates": true
}
{
  "output": "/kaggle/working/pilot/amazon_games_attribute_matched_shuffled_grounded_chunk9_pilot_trials.jsonl",
  "trials": 25,
  "completed_this_run": 25,
  "remaining": 0,
  "stopped_early": false,
  "repaired_tail_bytes": 0,
  "elapsed_minutes": 15.26,
  "skipped_existing": 0,
  "ensembles_combined": 25,
  "ensembles_failed": 0,
  "member_parse_failures": 0,
  "member_request_failures": 0,
  "provider": "chat-completions",
  "domain": "amazon_games",
  "members": [
    [
      "baseline_scores_v1",
      "context_collab_v2"
    ],
    [
      "next_step_v2",
      "context_collab_v2"
    ],
    [
      "long_term_taste_v2",
      "context_collab_v2"
    ],
    [
      "closest_match_v2",
      "context_collab_v2"
    ],
    [
      "rule_out_rank_v2",
      "context_collab_v2"
    ],
    [
      "preference_enjoy_v2",
      "context_collab_v2"
    ],
    [
      "preference_pick_now_v2",
      "context_collab_v2"
    ],
    [
      "skip_risk_v2",
      "context_collab_v2"
    ]
  ],
  "shuffle_candidates": true
}
{
  "output": "/kaggle/working/pilot/amazon_games_attribute_matched_shuffled_grounded_chunk10_pilot_trials.jsonl",
  "trials": 25,
  "completed_this_run": 25,
  "remaining": 0,
  "stopped_early": false,
  "repaired_tail_bytes": 0,
  "elapsed_minutes": 13.08,
  "skipped_existing": 0,
  "ensembles_combined": 25,
  "ensembles_failed": 0,
  "member_parse_failures": 0,
  "member_request_failures": 0,
  "provider": "chat-completions",
  "domain": "amazon_games",
  "members": [
    [
      "baseline_scores_v1",
      "context_collab_v2"
    ],
    [
      "next_step_v2",
      "context_collab_v2"
    ],
    [
      "long_term_taste_v2",
      "context_collab_v2"
    ],
    [
      "closest_match_v2",
      "context_collab_v2"
    ],
    [
      "rule_out_rank_v2",
      "context_collab_v2"
    ],
    [
      "preference_enjoy_v2",
      "context_collab_v2"
    ],
    [
      "preference_pick_now_v2",
      "context_collab_v2"
    ],
    [
      "skip_risk_v2",
      "context_collab_v2"
    ]
  ],
  "shuffle_candidates": true
}
{
  "output": "/kaggle/working/pilot/amazon_games_attribute_matched_shuffled_grounded_chunk11_pilot_trials.jsonl",
  "trials": 25,
  "completed_this_run": 25,
  "remaining": 0,
  "stopped_early": false,
  "repaired_tail_bytes": 0,
  "elapsed_minutes": 13.24,
  "skipped_existing": 0,
  "ensembles_combined": 25,
  "ensembles_failed": 0,
  "member_parse_failures": 0,
  "member_request_failures": 0,
  "provider": "chat-completions",
  "domain": "amazon_games",
  "members": [
    [
      "baseline_scores_v1",
      "context_collab_v2"
    ],
    [
      "next_step_v2",
      "context_collab_v2"
    ],
    [
      "long_term_taste_v2",
      "context_collab_v2"
    ],
    [
      "closest_match_v2",
      "context_collab_v2"
    ],
    [
      "rule_out_rank_v2",
      "context_collab_v2"
    ],
    [
      "preference_enjoy_v2",
      "context_collab_v2"
    ],
    [
      "preference_pick_now_v2",
      "context_collab_v2"
    ],
    [
      "skip_risk_v2",
      "context_collab_v2"
    ]
  ],
  "shuffle_candidates": true
}
