{
  "output": "/kaggle/working/pilot/amazon_games_popularity_matched_shuffled_grounded_chunk0_pilot_trials.jsonl",
  "trials": 25,
  "completed_this_run": 25,
  "remaining": 0,
  "stopped_early": false,
  "repaired_tail_bytes": 0,
  "elapsed_minutes": 13.1,
  "skipped_existing": 0,
  "ensembles_combined": 25,
  "ensembles_failed": 0,
  "member_parse_failures": 0,
  "member_request_failures": 0,
  "provider": "chat-completions",
  "domain": "amazon_games",
  "members": [
    [
      "baseline_scores_v1",
      "context_collab_v2"
    ],
    [
      "next_step_v2",
      "context_collab_v2"
    ],
    [
      "long_term_taste_v2",
      "context_collab_v2"
    ],
    [
      "closest_match_v2",
      "context_collab_v2"
    ],
    [
      "rule_out_rank_v2",
      "context_collab_v2"
    ],
    [
      "preference_enjoy_v2",
      "context_collab_v2"
    ],
    [
      "preference_pick_now_v2",
      "context_collab_v2"
    ],
    [
      "skip_risk_v2",
      "context_collab_v2"
    ]
  ],
  "shuffle_candidates": true
}
{
  "output": "/kaggle/working/pilot/amazon_games_popularity_matched_shuffled_grounded_chunk1_pilot_trials.jsonl",
  "trials": 25,
  "completed_this_run": 25,
  "remaining": 0,
  "stopped_early": false,
  "repaired_tail_bytes": 0,
  "elapsed_minutes": 14.93,
  "skipped_existing": 0,
  "ensembles_combined": 25,
  "ensembles_failed": 0,
  "member_parse_failures": 0,
  "member_request_failures": 0,
  "provider": "chat-completions",
  "domain": "amazon_games",
  "members": [
    [
      "baseline_scores_v1",
      "context_collab_v2"
    ],
    [
      "next_step_v2",
      "context_collab_v2"
    ],
    [
      "long_term_taste_v2",
      "context_collab_v2"
    ],
    [
      "closest_match_v2",
      "context_collab_v2"
    ],
    [
      "rule_out_rank_v2",
      "context_collab_v2"
    ],
    [
      "preference_enjoy_v2",
      "context_collab_v2"
    ],
    [
      "preference_pick_now_v2",
      "context_collab_v2"
    ],
    [
      "skip_risk_v2",
      "context_collab_v2"
    ]
  ],
  "shuffle_candidates": true
}
{
  "output": "/kaggle/working/pilot/amazon_games_popularity_matched_shuffled_grounded_chunk2_pilot_trials.jsonl",
  "trials": 25,
  "completed_this_run": 25,
  "remaining": 0,
  "stopped_early": false,
  "repaired_tail_bytes": 0,
  "elapsed_minutes": 13.16,
  "skipped_existing": 0,
  "ensembles_combined": 25,
  "ensembles_failed": 0,
  "member_parse_failures": 0,
  "member_request_failures": 0,
  "provider": "chat-completions",
  "domain": "amazon_games",
  "members": [
    [
      "baseline_scores_v1",
      "context_collab_v2"
    ],
    [
      "next_step_v2",
      "context_collab_v2"
    ],
    [
      "long_term_taste_v2",
      "context_collab_v2"
    ],
    [
      "closest_match_v2",
      "context_collab_v2"
    ],
    [
      "rule_out_rank_v2",
      "context_collab_v2"
    ],
    [
      "preference_enjoy_v2",
      "context_collab_v2"
    ],
    [
      "preference_pick_now_v2",
      "context_collab_v2"
    ],
    [
      "skip_risk_v2",
      "context_collab_v2"
    ]
  ],
  "shuffle_candidates": true
}
{
  "output": "/kaggle/working/pilot/amazon_games_popularity_matched_shuffled_grounded_chunk3_pilot_trials.jsonl",
  "trials": 25,
  "completed_this_run": 25,
  "remaining": 0,
  "stopped_early": false,
  "repaired_tail_bytes": 0,
  "elapsed_minutes": 12.82,
  "skipped_existing": 0,
  "ensembles_combined": 25,
  "ensembles_failed": 0,
  "member_parse_failures": 0,
  "member_request_failures": 0,
  "provider": "chat-completions",
  "domain": "amazon_games",
  "members": [
    [
      "baseline_scores_v1",
      "context_collab_v2"
    ],
    [
      "next_step_v2",
      "context_collab_v2"
    ],
    [
      "long_term_taste_v2",
      "context_collab_v2"
    ],
    [
      "closest_match_v2",
      "context_collab_v2"
    ],
    [
      "rule_out_rank_v2",
      "context_collab_v2"
    ],
    [
      "preference_enjoy_v2",
      "context_collab_v2"
    ],
    [
      "preference_pick_now_v2",
      "context_collab_v2"
    ],
    [
      "skip_risk_v2",
      "context_collab_v2"
    ]
  ],
  "shuffle_candidates": true
}
{
  "output": "/kaggle/working/pilot/amazon_games_popularity_matched_shuffled_grounded_chunk4_pilot_trials.jsonl",
  "trials": 25,
  "completed_this_run": 25,
  "remaining": 0,
  "stopped_early": false,
  "repaired_tail_bytes": 0,
  "elapsed_minutes": 14.87,
  "skipped_existing": 0,
  "ensembles_combined": 25,
  "ensembles_failed": 0,
  "member_parse_failures": 0,
  "member_request_failures": 0,
  "provider": "chat-completions",
  "domain": "amazon_games",
  "members": [
    [
      "baseline_scores_v1",
      "context_collab_v2"
    ],
    [
      "next_step_v2",
      "context_collab_v2"
    ],
    [
      "long_term_taste_v2",
      "context_collab_v2"
    ],
    [
      "closest_match_v2",
      "context_collab_v2"
    ],
    [
      "rule_out_rank_v2",
      "context_collab_v2"
    ],
    [
      "preference_enjoy_v2",
      "context_collab_v2"
    ],
    [
      "preference_pick_now_v2",
      "context_collab_v2"
    ],
    [
      "skip_risk_v2",
      "context_collab_v2"
    ]
  ],
  "shuffle_candidates": true
}
{
  "output": "/kaggle/working/pilot/amazon_games_popularity_matched_shuffled_grounded_chunk5_pilot_trials.jsonl",
  "trials": 25,
  "completed_this_run": 25,
  "remaining": 0,
  "stopped_early": false,
  "repaired_tail_bytes": 0,
  "elapsed_minutes": 12.96,
  "skipped_existing": 0,
  "ensembles_combined": 25,
  "ensembles_failed": 0,
  "member_parse_failures": 0,
  "member_request_failures": 0,
  "provider": "chat-completions",
  "domain": "amazon_games",
  "members": [
    [
      "baseline_scores_v1",
      "context_collab_v2"
    ],
    [
      "next_step_v2",
      "context_collab_v2"
    ],
    [
      "long_term_taste_v2",
      "context_collab_v2"
    ],
    [
      "closest_match_v2",
      "context_collab_v2"
    ],
    [
      "rule_out_rank_v2",
      "context_collab_v2"
    ],
    [
      "preference_enjoy_v2",
      "context_collab_v2"
    ],
    [
      "preference_pick_now_v2",
      "context_collab_v2"
    ],
    [
      "skip_risk_v2",
      "context_collab_v2"
    ]
  ],
  "shuffle_candidates": true
}
{
  "output": "/kaggle/working/pilot/amazon_games_popularity_matched_shuffled_grounded_chunk6_pilot_trials.jsonl",
  "trials": 25,
  "completed_this_run": 25,
  "remaining": 0,
  "stopped_early": false,
  "repaired_tail_bytes": 0,
  "elapsed_minutes": 15.05,
  "skipped_existing": 0,
  "ensembles_combined": 25,
  "ensembles_failed": 0,
  "member_parse_failures": 0,
  "member_request_failures": 0,
  "provider": "chat-completions",
  "domain": "amazon_games",
  "members": [
    [
      "baseline_scores_v1",
      "context_collab_v2"
    ],
    [
      "next_step_v2",
      "context_collab_v2"
    ],
    [
      "long_term_taste_v2",
      "context_collab_v2"
    ],
    [
      "closest_match_v2",
      "context_collab_v2"
    ],
    [
      "rule_out_rank_v2",
      "context_collab_v2"
    ],
    [
      "preference_enjoy_v2",
      "context_collab_v2"
    ],
    [
      "preference_pick_now_v2",
      "context_collab_v2"
    ],
    [
      "skip_risk_v2",
      "context_collab_v2"
    ]
  ],
  "shuffle_candidates": true
}
{
  "output": "/kaggle/working/pilot/amazon_games_popularity_matched_shuffled_grounded_chunk7_pilot_trials.jsonl",
  "trials": 25,
  "completed_this_run": 25,
  "remaining": 0,
  "stopped_early": false,
  "repaired_tail_bytes": 0,
  "elapsed_minutes": 12.96,
  "skipped_existing": 0,
  "ensembles_combined": 25,
  "ensembles_failed": 0,
  "member_parse_failures": 0,
  "member_request_failures": 0,
  "provider": "chat-completions",
  "domain": "amazon_games",
  "members": [
    [
      "baseline_scores_v1",
      "context_collab_v2"
    ],
    [
      "next_step_v2",
      "context_collab_v2"
    ],
    [
      "long_term_taste_v2",
      "context_collab_v2"
    ],
    [
      "closest_match_v2",
      "context_collab_v2"
    ],
    [
      "rule_out_rank_v2",
      "context_collab_v2"
    ],
    [
      "preference_enjoy_v2",
      "context_collab_v2"
    ],
    [
      "preference_pick_now_v2",
      "context_collab_v2"
    ],
    [
      "skip_risk_v2",
      "context_collab_v2"
    ]
  ],
  "shuffle_candidates": true
}
{
  "output": "/kaggle/working/pilot/amazon_games_popularity_matched_shuffled_grounded_chunk8_pilot_trials.jsonl",
  "trials": 25,
  "completed_this_run": 25,
  "remaining": 0,
  "stopped_early": false,
  "repaired_tail_bytes": 0,
  "elapsed_minutes": 14.9,
  "skipped_existing": 0,
  "ensembles_combined": 25,
  "ensembles_failed": 0,
  "member_parse_failures": 0,
  "member_request_failures": 0,
  "provider": "chat-completions",
  "domain": "amazon_games",
  "members": [
    [
      "baseline_scores_v1",
      "context_collab_v2"
    ],
    [
      "next_step_v2",
      "context_collab_v2"
    ],
    [
      "long_term_taste_v2",
      "context_collab_v2"
    ],
    [
      "closest_match_v2",
      "context_collab_v2"
    ],
    [
      "rule_out_rank_v2",
      "context_collab_v2"
    ],
    [
      "preference_enjoy_v2",
      "context_collab_v2"
    ],
    [
      "preference_pick_now_v2",
      "context_collab_v2"
    ],
    [
      "skip_risk_v2",
      "context_collab_v2"
    ]
  ],
  "shuffle_candidates": true
}
{
  "output": "/kaggle/working/pilot/amazon_games_popularity_matched_shuffled_grounded_chunk9_pilot_trials.jsonl",
  "trials": 25,
  "completed_this_run": 25,
  "remaining": 0,
  "stopped_early": false,
  "repaired_tail_bytes": 0,
  "elapsed_minutes": 12.91,
  "skipped_existing": 0,
  "ensembles_combined": 25,
  "ensembles_failed": 0,
  "member_parse_failures": 0,
  "member_request_failures": 0,
  "provider": "chat-completions",
  "domain": "amazon_games",
  "members": [
    [
      "baseline_scores_v1",
      "context_collab_v2"
    ],
    [
      "next_step_v2",
      "context_collab_v2"
    ],
    [
      "long_term_taste_v2",
      "context_collab_v2"
    ],
    [
      "closest_match_v2",
      "context_collab_v2"
    ],
    [
      "rule_out_rank_v2",
      "context_collab_v2"
    ],
    [
      "preference_enjoy_v2",
      "context_collab_v2"
    ],
    [
      "preference_pick_now_v2",
      "context_collab_v2"
    ],
    [
      "skip_risk_v2",
      "context_collab_v2"
    ]
  ],
  "shuffle_candidates": true
}
{
  "output": "/kaggle/working/pilot/amazon_games_popularity_matched_shuffled_grounded_chunk10_pilot_trials.jsonl",
  "trials": 25,
  "completed_this_run": 25,
  "remaining": 0,
  "stopped_early": false,
  "repaired_tail_bytes": 0,
  "elapsed_minutes": 14.92,
  "skipped_existing": 0,
  "ensembles_combined": 25,
  "ensembles_failed": 0,
  "member_parse_failures": 0,
  "member_request_failures": 0,
  "provider": "chat-completions",
  "domain": "amazon_games",
  "members": [
    [
      "baseline_scores_v1",
      "context_collab_v2"
    ],
    [
      "next_step_v2",
      "context_collab_v2"
    ],
    [
      "long_term_taste_v2",
      "context_collab_v2"
    ],
    [
      "closest_match_v2",
      "context_collab_v2"
    ],
    [
      "rule_out_rank_v2",
      "context_collab_v2"
    ],
    [
      "preference_enjoy_v2",
      "context_collab_v2"
    ],
    [
      "preference_pick_now_v2",
      "context_collab_v2"
    ],
    [
      "skip_risk_v2",
      "context_collab_v2"
    ]
  ],
  "shuffle_candidates": true
}
{
  "output": "/kaggle/working/pilot/amazon_games_popularity_matched_shuffled_grounded_chunk11_pilot_trials.jsonl",
  "trials": 25,
  "completed_this_run": 25,
  "remaining": 0,
  "stopped_early": false,
  "repaired_tail_bytes": 0,
  "elapsed_minutes": 13.05,
  "skipped_existing": 0,
  "ensembles_combined": 25,
  "ensembles_failed": 0,
  "member_parse_failures": 0,
  "member_request_failures": 0,
  "provider": "chat-completions",
  "domain": "amazon_games",
  "members": [
    [
      "baseline_scores_v1",
      "context_collab_v2"
    ],
    [
      "next_step_v2",
      "context_collab_v2"
    ],
    [
      "long_term_taste_v2",
      "context_collab_v2"
    ],
    [
      "closest_match_v2",
      "context_collab_v2"
    ],
    [
      "rule_out_rank_v2",
      "context_collab_v2"
    ],
    [
      "preference_enjoy_v2",
      "context_collab_v2"
    ],
    [
      "preference_pick_now_v2",
      "context_collab_v2"
    ],
    [
      "skip_risk_v2",
      "context_collab_v2"
    ]
  ],
  "shuffle_candidates": true
}
{
  "output": "/kaggle/working/pilot/amazon_games_popularity_matched_shuffled_grounded_chunk12_pilot_trials.jsonl",
  "trials": 25,
  "completed_this_run": 25,
  "remaining": 0,
  "stopped_early": false,
  "repaired_tail_bytes": 0,
  "elapsed_minutes": 14.74,
  "skipped_existing": 0,
  "ensembles_combined": 25,
  "ensembles_failed": 0,
  "member_parse_failures": 0,
  "member_request_failures": 0,
  "provider": "chat-completions",
  "domain": "amazon_games",
  "members": [
    [
      "baseline_scores_v1",
      "context_collab_v2"
    ],
    [
      "next_step_v2",
      "context_collab_v2"
    ],
    [
      "long_term_taste_v2",
      "context_collab_v2"
    ],
    [
      "closest_match_v2",
      "context_collab_v2"
    ],
    [
      "rule_out_rank_v2",
      "context_collab_v2"
    ],
    [
      "preference_enjoy_v2",
      "context_collab_v2"
    ],
    [
      "preference_pick_now_v2",
      "context_collab_v2"
    ],
    [
      "skip_risk_v2",
      "context_collab_v2"
    ]
  ],
  "shuffle_candidates": true
}
{
  "output": "/kaggle/working/pilot/amazon_games_popularity_matched_shuffled_grounded_chunk13_pilot_trials.jsonl",
  "trials": 25,
  "completed_this_run": 25,
  "remaining": 0,
  "stopped_early": false,
  "repaired_tail_bytes": 0,
  "elapsed_minutes": 12.94,
  "skipped_existing": 0,
  "ensembles_combined": 25,
  "ensembles_failed": 0,
  "member_parse_failures": 0,
  "member_request_failures": 0,
  "provider": "chat-completions",
  "domain": "amazon_games",
  "members": [
    [
      "baseline_scores_v1",
      "context_collab_v2"
    ],
    [
      "next_step_v2",
      "context_collab_v2"
    ],
    [
      "long_term_taste_v2",
      "context_collab_v2"
    ],
    [
      "closest_match_v2",
      "context_collab_v2"
    ],
    [
      "rule_out_rank_v2",
      "context_collab_v2"
    ],
    [
      "preference_enjoy_v2",
      "context_collab_v2"
    ],
    [
      "preference_pick_now_v2",
      "context_collab_v2"
    ],
    [
      "skip_risk_v2",
      "context_collab_v2"
    ]
  ],
  "shuffle_candidates": true
}
{
  "output": "/kaggle/working/pilot/amazon_games_popularity_matched_shuffled_grounded_chunk14_pilot_trials.jsonl",
  "trials": 25,
  "completed_this_run": 25,
  "remaining": 0,
  "stopped_early": false,
  "repaired_tail_bytes": 0,
  "elapsed_minutes": 15.09,
  "skipped_existing": 0,
  "ensembles_combined": 25,
  "ensembles_failed": 0,
  "member_parse_failures": 0,
  "member_request_failures": 0,
  "provider": "chat-completions",
  "domain": "amazon_games",
  "members": [
    [
      "baseline_scores_v1",
      "context_collab_v2"
    ],
    [
      "next_step_v2",
      "context_collab_v2"
    ],
    [
      "long_term_taste_v2",
      "context_collab_v2"
    ],
    [
      "closest_match_v2",
      "context_collab_v2"
    ],
    [
      "rule_out_rank_v2",
      "context_collab_v2"
    ],
    [
      "preference_enjoy_v2",
      "context_collab_v2"
    ],
    [
      "preference_pick_now_v2",
      "context_collab_v2"
    ],
    [
      "skip_risk_v2",
      "context_collab_v2"
    ]
  ],
  "shuffle_candidates": true
}
{
  "output": "/kaggle/working/pilot/amazon_games_popularity_matched_shuffled_grounded_chunk15_pilot_trials.jsonl",
  "trials": 25,
  "completed_this_run": 25,
  "remaining": 0,
  "stopped_early": false,
  "repaired_tail_bytes": 0,
  "elapsed_minutes": 12.97,
  "skipped_existing": 0,
  "ensembles_combined": 25,
  "ensembles_failed": 0,
  "member_parse_failures": 0,
  "member_request_failures": 0,
  "provider": "chat-completions",
  "domain": "amazon_games",
  "members": [
    [
      "baseline_scores_v1",
      "context_collab_v2"
    ],
    [
      "next_step_v2",
      "context_collab_v2"
    ],
    [
      "long_term_taste_v2",
      "context_collab_v2"
    ],
    [
      "closest_match_v2",
      "context_collab_v2"
    ],
    [
      "rule_out_rank_v2",
      "context_collab_v2"
    ],
    [
      "preference_enjoy_v2",
      "context_collab_v2"
    ],
    [
      "preference_pick_now_v2",
      "context_collab_v2"
    ],
    [
      "skip_risk_v2",
      "context_collab_v2"
    ]
  ],
  "shuffle_candidates": true
}
{
  "output": "/kaggle/working/pilot/amazon_games_popularity_matched_shuffled_grounded_chunk16_pilot_trials.jsonl",
  "trials": 25,
  "completed_this_run": 25,
  "remaining": 0,
  "stopped_early": false,
  "repaired_tail_bytes": 0,
  "elapsed_minutes": 14.98,
  "skipped_existing": 0,
  "ensembles_combined": 25,
  "ensembles_failed": 0,
  "member_parse_failures": 0,
  "member_request_failures": 0,
  "provider": "chat-completions",
  "domain": "amazon_games",
  "members": [
    [
      "baseline_scores_v1",
      "context_collab_v2"
    ],
    [
      "next_step_v2",
      "context_collab_v2"
    ],
    [
      "long_term_taste_v2",
      "context_collab_v2"
    ],
    [
      "closest_match_v2",
      "context_collab_v2"
    ],
    [
      "rule_out_rank_v2",
      "context_collab_v2"
    ],
    [
      "preference_enjoy_v2",
      "context_collab_v2"
    ],
    [
      "preference_pick_now_v2",
      "context_collab_v2"
    ],
    [
      "skip_risk_v2",
      "context_collab_v2"
    ]
  ],
  "shuffle_candidates": true
}
{
  "output": "/kaggle/working/pilot/amazon_games_popularity_matched_shuffled_grounded_chunk17_pilot_trials.jsonl",
  "trials": 25,
  "completed_this_run": 25,
  "remaining": 0,
  "stopped_early": false,
  "repaired_tail_bytes": 0,
  "elapsed_minutes": 13.04,
  "skipped_existing": 0,
  "ensembles_combined": 25,
  "ensembles_failed": 0,
  "member_parse_failures": 0,
  "member_request_failures": 0,
  "provider": "chat-completions",
  "domain": "amazon_games",
  "members": [
    [
      "baseline_scores_v1",
      "context_collab_v2"
    ],
    [
      "next_step_v2",
      "context_collab_v2"
    ],
    [
      "long_term_taste_v2",
      "context_collab_v2"
    ],
    [
      "closest_match_v2",
      "context_collab_v2"
    ],
    [
      "rule_out_rank_v2",
      "context_collab_v2"
    ],
    [
      "preference_enjoy_v2",
      "context_collab_v2"
    ],
    [
      "preference_pick_now_v2",
      "context_collab_v2"
    ],
    [
      "skip_risk_v2",
      "context_collab_v2"
    ]
  ],
  "shuffle_candidates": true
}
{
  "output": "/kaggle/working/pilot/amazon_games_popularity_matched_shuffled_grounded_chunk18_pilot_trials.jsonl",
  "trials": 25,
  "completed_this_run": 25,
  "remaining": 0,
  "stopped_early": false,
  "repaired_tail_bytes": 0,
  "elapsed_minutes": 13.0,
  "skipped_existing": 0,
  "ensembles_combined": 25,
  "ensembles_failed": 0,
  "member_parse_failures": 0,
  "member_request_failures": 0,
  "provider": "chat-completions",
  "domain": "amazon_games",
  "members": [
    [
      "baseline_scores_v1",
      "context_collab_v2"
    ],
    [
      "next_step_v2",
      "context_collab_v2"
    ],
    [
      "long_term_taste_v2",
      "context_collab_v2"
    ],
    [
      "closest_match_v2",
      "context_collab_v2"
    ],
    [
      "rule_out_rank_v2",
      "context_collab_v2"
    ],
    [
      "preference_enjoy_v2",
      "context_collab_v2"
    ],
    [
      "preference_pick_now_v2",
      "context_collab_v2"
    ],
    [
      "skip_risk_v2",
      "context_collab_v2"
    ]
  ],
  "shuffle_candidates": true
}
{
  "output": "/kaggle/working/pilot/amazon_games_popularity_matched_shuffled_grounded_chunk19_pilot_trials.jsonl",
  "trials": 25,
  "completed_this_run": 25,
  "remaining": 0,
  "stopped_early": false,
  "repaired_tail_bytes": 0,
  "elapsed_minutes": 15.03,
  "skipped_existing": 0,
  "ensembles_combined": 25,
  "ensembles_failed": 0,
  "member_parse_failures": 0,
  "member_request_failures": 0,
  "provider": "chat-completions",
  "domain": "amazon_games",
  "members": [
    [
      "baseline_scores_v1",
      "context_collab_v2"
    ],
    [
      "next_step_v2",
      "context_collab_v2"
    ],
    [
      "long_term_taste_v2",
      "context_collab_v2"
    ],
    [
      "closest_match_v2",
      "context_collab_v2"
    ],
    [
      "rule_out_rank_v2",
      "context_collab_v2"
    ],
    [
      "preference_enjoy_v2",
      "context_collab_v2"
    ],
    [
      "preference_pick_now_v2",
      "context_collab_v2"
    ],
    [
      "skip_risk_v2",
      "context_collab_v2"
    ]
  ],
  "shuffle_candidates": true
}
